Component: ARM Compiler 5.06 update 7 (build 960) Tool: armlink [4d3601]

==============================================================================

Section Cross References

    main.o(i.SystemClock_Config) refers to stm32l0xx_hal_rcc.o(i.HAL_RCC_OscConfig) for HAL_RCC_OscConfig
    main.o(i.SystemClock_Config) refers to stm32l0xx_hal_rcc.o(i.HAL_RCC_ClockConfig) for HAL_RCC_ClockConfig
    main.o(i.SystemClock_Config) refers to stm32l0xx_hal_rcc.o(i.HAL_RCC_GetHCLKFreq) for HAL_RCC_GetHCLKFreq
    main.o(i.SystemClock_Config) refers to uidiv.o(.text) for __aeabi_uidivmod
    main.o(i.SystemClock_Config) refers to stm32l0xx_hal_cortex.o(i.HAL_SYSTICK_Config) for HAL_SYSTICK_Config
    main.o(i.SystemClock_Config) refers to stm32l0xx_hal_cortex.o(i.HAL_SYSTICK_CLKSourceConfig) for HAL_SYSTICK_CLKSourceConfig
    main.o(i.SystemClock_Config) refers to stm32l0xx_hal_cortex.o(i.HAL_NVIC_SetPriority) for HAL_NVIC_SetPriority
    main.o(i.Uart_Action) refers to my_hal_uart.o(i.Uart_Init) for Uart_Init
    main.o(i.Uart_Action) refers to stm32l0xx_hal_uart.o(i.HAL_UART_Receive_IT) for HAL_UART_Receive_IT
    main.o(i.Uart_Action) refers to printf6.o(i.__0printf$6) for __2printf
    main.o(i.Uart_Action) refers to stm32l0xx_hal.o(i.HAL_Delay) for HAL_Delay
    main.o(i.Uart_Action) refers to my_hal_uart.o(.bss) for UartHandle
    main.o(i.Uart_Action) refers to main.o(.data) for value
    main.o(i.Uart_Action) refers to my_hal_uart.o(.data) for UartReady
    main.o(i.Uart_Action) refers to main.o(.bss) for aRxBuffer
    main.o(i.main) refers to stm32l0xx_hal.o(i.HAL_Init) for HAL_Init
    main.o(i.main) refers to main.o(i.SystemClock_Config) for SystemClock_Config
    main.o(i.main) refers to my_hal_uart.o(i.Uart_Init) for Uart_Init
    main.o(i.main) refers to my_hal_spi.o(i.Spi_Init) for Spi_Init
    main.o(i.main) refers to my_hal_tim.o(i.Timer_Init) for Timer_Init
    main.o(i.main) refers to oled.o(i.OLED_Init) for OLED_Init
    main.o(i.main) refers to ugui.o(i.UG_Init) for UG_Init
    main.o(i.main) refers to keypad.o(i.Keypad_Init) for Keypad_Init
    main.o(i.main) refers to wnd_mainmenu.o(i.CreateWindow_MainMenu) for CreateWindow_MainMenu
    main.o(i.main) refers to ugui.o(i.UG_Update) for UG_Update
    main.o(i.main) refers to oled.o(i.OLED_ShowString) for OLED_ShowString
    main.o(i.main) refers to oled.o(i.OLED_Refresh) for OLED_Refresh
    main.o(i.main) refers to ugui.o(i.CX_InputUpdate) for CX_InputUpdate
    main.o(i.main) refers to ugui_ssd1309.o(i.Display_PSet) for Display_PSet
    main.o(i.main) refers to main.o(.bss) for gui1309
    main.o(i.main) refers to oled_menu.o(.bss) for mc
    main.o(i.main) refers to main.o(.constdata) for .constdata
    main.o(i.main) refers to main.o(.data) for value
    main.o(.constdata) refers to main.o(.conststring) for .conststring
    stm32l0xx_it.o(i.HAL_TIM_PeriodElapsedCallback) refers to main.o(.data) for value
    stm32l0xx_it.o(i.SysTick_Handler) refers to stm32l0xx_hal.o(i.HAL_IncTick) for HAL_IncTick
    stm32l0xx_it.o(i.SysTick_Handler) refers to stm32l0xx_hal_cortex.o(i.HAL_SYSTICK_IRQHandler) for HAL_SYSTICK_IRQHandler
    stm32l0xx_it.o(i.SysTick_Handler) refers to keypad.o(i.GetKey) for GetKey
    stm32l0xx_it.o(i.SysTick_Handler) refers to printf6.o(i.__0printf$6) for __2printf
    stm32l0xx_it.o(i.SysTick_Handler) refers to stm32l0xx_it.o(.data) for syst
    stm32l0xx_it.o(i.SysTick_Handler) refers to main.o(.data) for value
    stm32l0xx_it.o(i.TIM2_IRQHandler) refers to stm32l0xx_hal_tim.o(i.HAL_TIM_IRQHandler) for HAL_TIM_IRQHandler
    stm32l0xx_it.o(i.TIM2_IRQHandler) refers to my_hal_tim.o(.bss) for TimHandle
    stm32l0xx_it.o(i.USART2_IRQHandler) refers to stm32l0xx_hal_uart.o(i.HAL_UART_Receive) for HAL_UART_Receive
    stm32l0xx_it.o(i.USART2_IRQHandler) refers to my_hal_uart.o(.bss) for UartHandle
    stm32l0xx_it.o(i.USART2_IRQHandler) refers to stm32l0xx_it.o(.data) for count
    stm32l0xx_it.o(i.USART2_IRQHandler) refers to main.o(.bss) for getBuffer
    stm32l0xx_it.o(i.USART2_IRQHandler) refers to main.o(.data) for value
    stm32l0xx_it.o(i.USART2_IdleCallback) refers to stm32l0xx_hal_uart.o(i.HAL_UART_Transmit) for HAL_UART_Transmit
    stm32l0xx_it.o(i.USART2_IdleCallback) refers to my_hal_uart.o(.bss) for UartHandle
    oled_menu.o(i.MC_AddItem) refers to oled_menu.o(.bss) for mc
    oled_menu.o(i.MC_DisplayCurrentMenu) refers to oled.o(i.OLED_Clear) for OLED_Clear
    oled_menu.o(i.MC_DisplayCurrentMenu) refers to oled.o(i.OLED_ShowString) for OLED_ShowString
    oled_menu.o(i.MC_DisplayCurrentMenu) refers to oled.o(i.OLED_ShowChar) for OLED_ShowChar
    oled_menu.o(i.MC_DisplayCurrentMenu) refers to oled.o(i.OLED_Refresh) for OLED_Refresh
    oled_menu.o(i.MC_DisplayCurrentMenu) refers to oled_menu.o(.bss) for mc
    oled_menu.o(i.MC_DisplayCurrentMenu) refers to oled_menu.o(.data) for menus
    oled_menu.o(i.MC_Init) refers to oled_menu.o(i.MC_AddItem) for MC_AddItem
[...]
    Removing stm32l0xx_hal_tim.o(i.HAL_TIM_PWM_Start), (32 bytes).
    Removing stm32l0xx_hal_tim.o(i.HAL_TIM_PWM_Start_DMA), (276 bytes).
    Removing stm32l0xx_hal_tim.o(i.HAL_TIM_PWM_Start_IT), (110 bytes).
    Removing stm32l0xx_hal_tim.o(i.HAL_TIM_PWM_Stop), (60 bytes).
    Removing stm32l0xx_hal_tim.o(i.HAL_TIM_PWM_Stop_DMA), (144 bytes).
    Removing stm32l0xx_hal_tim.o(i.HAL_TIM_PWM_Stop_IT), (132 bytes).
    Removing stm32l0xx_hal_tim.o(i.HAL_TIM_PeriodElapsedCallback), (2 bytes).
    Removing stm32l0xx_hal_tim.o(i.HAL_TIM_ReadCapturedValue), (88 bytes).
    Removing stm32l0xx_hal_tim.o(i.HAL_TIM_SlaveConfigSynchronization), (88 bytes).
    Removing stm32l0xx_hal_tim.o(i.HAL_TIM_SlaveConfigSynchronization_IT), (88 bytes).
    Removing stm32l0xx_hal_tim.o(i.TIM_CCxChannelCmd), (28 bytes).
    Removing stm32l0xx_hal_tim.o(i.TIM_DMACaptureCplt), (70 bytes).
    Removing stm32l0xx_hal_tim.o(i.TIM_DMADelayPulseCplt), (70 bytes).
    Removing stm32l0xx_hal_tim.o(i.TIM_DMAError), (20 bytes).
    Removing stm32l0xx_hal_tim.o(i.TIM_DMAPeriodElapsedCplt), (20 bytes).
    Removing stm32l0xx_hal_tim.o(i.TIM_DMATriggerCplt), (20 bytes).
    Removing stm32l0xx_hal_tim.o(i.TIM_ETR_SetConfig), (30 bytes).
    Removing stm32l0xx_hal_tim.o(i.TIM_ITRx_SetConfig), (26 bytes).
    Removing stm32l0xx_hal_tim.o(i.TIM_OC1_SetConfig), (62 bytes).
    Removing stm32l0xx_hal_tim.o(i.TIM_OC2_SetConfig), (74 bytes).
    Removing stm32l0xx_hal_tim.o(i.TIM_OC3_SetConfig), (68 bytes).
    Removing stm32l0xx_hal_tim.o(i.TIM_OC4_SetConfig), (78 bytes).
    Removing stm32l0xx_hal_tim.o(i.TIM_SlaveTimer_SetConfig), (172 bytes).
    Removing stm32l0xx_hal_tim.o(i.TIM_TI1_ConfigInputStage), (54 bytes).
    Removing stm32l0xx_hal_tim.o(i.TIM_TI1_SetConfig), (112 bytes).
    Removing stm32l0xx_hal_tim.o(i.TIM_TI2_ConfigInputStage), (54 bytes).
    Removing stm32l0xx_hal_tim.o(i.TIM_TI2_SetConfig), (76 bytes).
    Removing stm32l0xx_hal_tim.o(i.TIM_TI3_SetConfig), (74 bytes).
    Removing stm32l0xx_hal_tim.o(i.TIM_TI4_SetConfig), (82 bytes).
    Removing system_stm32l0xx.o(.rev16_text), (4 bytes).
    Removing system_stm32l0xx.o(.revsh_text), (4 bytes).
    Removing system_stm32l0xx.o(i.SystemCoreClockUpdate), (252 bytes).
    Removing startup_stm32l031xx.o(HEAP), (512 bytes).
    Removing gt21l16s2y.o(i.GB2312ToUnicode), (38 bytes).
    Removing gt21l16s2y.o(i.GB_EXT_612), (84 bytes).
    Removing gt21l16s2y.o(i.GB_EXT_816), (80 bytes).
    Removing gt21l16s2y.o(i.Gb2311ToIndex), (92 bytes).
    Removing gt21l16s2y.o(i.UnicodeToGB2312), (732 bytes).
    Removing gt21l16s2y.o(i.gt_16_GetData), (108 bytes).
    Removing dadd.o(.text), (360 bytes).
    Removing dmul.o(.text), (208 bytes).
    Removing ddiv.o(.text), (240 bytes).
    Removing dfixul.o(.text), (64 bytes).
    Removing cdrcmple.o(.text), (40 bytes).
    Removing depilogue.o(.text), (190 bytes).
    Removing depilogue.o(i.__ARM_clz), (46 bytes).

472 unused section(s) (total 46593 bytes) removed from the image.

==============================================================================

Image Symbol Table

    Local Symbols

    Symbol Name                              Value     Ov Type        Size  Object(Section)

    ../clib/microlib/division.c              0x00000000   Number         0  uidiv.o ABSOLUTE
    ../clib/microlib/division.c              0x00000000   Number         0  idiv.o ABSOLUTE
    ../clib/microlib/division.c              0x00000000   Number         0  uldiv.o ABSOLUTE
    ../clib/microlib/init/entry.s            0x00000000   Number         0  entry2.o ABSOLUTE
    ../clib/microlib/init/entry.s            0x00000000   Number         0  entry.o ABSOLUTE
    ../clib/microlib/init/entry.s            0x00000000   Number         0  entry5.o ABSOLUTE
    ../clib/microlib/init/entry.s            0x00000000   Number         0  entry7a.o ABSOLUTE
    ../clib/microlib/init/entry.s            0x00000000   Number         0  entry7b.o ABSOLUTE
    ../clib/microlib/init/entry.s            0x00000000   Number         0  entry11b.o ABSOLUTE
    ../clib/microlib/init/entry.s            0x00000000   Number         0  entry12a.o ABSOLUTE
    ../clib/microlib/init/entry.s            0x00000000   Number         0  entry8a.o ABSOLUTE
    ../clib/microlib/init/entry.s            0x00000000   Number         0  entry12b.o ABSOLUTE
    ../clib/microlib/init/entry.s            0x00000000   Number         0  entry11a.o ABSOLUTE
    ../clib/microlib/init/entry.s            0x00000000   Number         0  entry8b.o ABSOLUTE
    ../clib/microlib/init/entry.s            0x00000000   Number         0  entry9a.o ABSOLUTE
    ../clib/microlib/init/entry.s            0x00000000   Number         0  entry9b.o ABSOLUTE
    ../clib/microlib/init/entry.s            0x00000000   Number         0  entry10b.o ABSOLUTE
    ../clib/microlib/init/entry.s            0x00000000   Number         0  entry10a.o ABSOLUTE
    ../clib/microlib/longlong.c              0x00000000   Number         0  llshl.o ABSOLUTE
    ../clib/microlib/longlong.c              0x00000000   Number         0  llsshr.o ABSOLUTE
    ../clib/microlib/longlong.c              0x00000000   Number         0  llushr.o ABSOLUTE
    ../clib/microlib/printf/printf.c         0x00000000   Number         0  printf2.o ABSOLUTE
    ../clib/microlib/printf/printf.c         0x00000000   Number         0  printfa.o ABSOLUTE
    ../clib/microlib/printf/printf.c         0x00000000   Number         0  printfb.o ABSOLUTE
    ../clib/microlib/printf/printf.c         0x00000000   Number         0  printf0.o ABSOLUTE
    ../clib/microlib/printf/printf.c         0x00000000   Number         0  printf1.o ABSOLUTE
    ../clib/microlib/printf/printf.c         0x00000000   Number         0  printf3.o ABSOLUTE
    ../clib/microlib/printf/printf.c         0x00000000   Number         0  printf4.o ABSOLUTE
    ../clib/microlib/printf/printf.c         0x00000000   Number         0  printf5.o ABSOLUTE
    ../clib/microlib/printf/printf.c         0x00000000   Number         0  printf6.o ABSOLUTE
    ../clib/microlib/printf/printf.c         0x00000000   Number         0  printf7.o ABSOLUTE
    ../clib/microlib/printf/printf.c         0x00000000   Number         0  printf8.o ABSOLUTE
    ../clib/microlib/printf/stubs.s          0x00000000   Number         0  stubs.o ABSOLUTE
    ../clib/microlib/stdio/streams.c         0x00000000   Number         0  stdout.o ABSOLUTE
    ../clib/microlib/string/memcpy.c         0x00000000   Number         0  memcpya.o ABSOLUTE
    ../clib/microlib/string/memcpy.c         0x00000000   Number         0  memcpyb.o ABSOLUTE
    ../clib/microlib/string/memset.c         0x00000000   Number         0  memseta.o ABSOLUTE
    ../clib/microlib/stubs.s                 0x00000000   Number         0  iusefp.o ABSOLUTE
    ../fplib/microlib/fpadd.c                0x00000000   Number         0  dadd.o ABSOLUTE
    ../fplib/microlib/fpdiv.c                0x00000000   Number         0  ddiv.o ABSOLUTE
    ../fplib/microlib/fpepilogue.c           0x00000000   Number         0  depilogue.o ABSOLUTE
    ../fplib/microlib/fpfix.c                0x00000000   Number         0  dfixul.o ABSOLUTE
    ../fplib/microlib/fpmul.c                0x00000000   Number         0  dmul.o ABSOLUTE
    ..\CORE\startup_stm32l031xx.s            0x00000000   Number         0  startup_stm32l031xx.o ABSOLUTE
    ..\CORE\system_stm32l0xx.c               0x00000000   Number         0  system_stm32l0xx.o ABSOLUTE
    ..\HARDWARE\OLED\Windows\wnd_mainmenu.c  0x00000000   Number         0  wnd_mainmenu.o ABSOLUTE
    ..\HARDWARE\OLED\Windows\wnd_settime.c   0x00000000   Number         0  wnd_settime.o ABSOLUTE
    ..\HARDWARE\OLED\charlib.c               0x00000000   Number         0  charlib.o ABSOLUTE
    ..\HARDWARE\OLED\my_hal_spi.c            0x00000000   Number         0  my_hal_spi.o ABSOLUTE
    ..\HARDWARE\OLED\my_hal_tim.c            0x00000000   Number         0  my_hal_tim.o ABSOLUTE
    ..\HARDWARE\OLED\my_hal_uart.c           0x00000000   Number         0  my_hal_uart.o ABSOLUTE
    ..\HARDWARE\OLED\oled.c                  0x00000000   Number         0  oled.o ABSOLUTE
    ..\HARDWARE\OLED\oled_menu.c             0x00000000   Number         0  oled_menu.o ABSOLUTE
    ..\HARDWARE\OLED\uGUI_Driver\ugui_SSD1309.c 0x00000000   Number         0  ugui_ssd1309.o ABSOLUTE
    ..\HARDWARE\OLED\uGUI_Library\ugui.c     0x00000000   Number         0  ugui.o ABSOLUTE
    ..\STM32L0xx_HAL_Driver\Src\stm32l0xx_hal.c 0x00000000   Number         0  stm32l0xx_hal.o ABSOLUTE
    ..\STM32L0xx_HAL_Driver\Src\stm32l0xx_hal_cortex.c 0x00000000   Number         0  stm32l0xx_hal_cortex.o ABSOLUTE
    ..\STM32L0xx_HAL_Driver\Src\stm32l0xx_hal_dma.c 0x00000000   Number         0  stm32l0xx_hal_dma.o ABSOLUTE
    ..\STM32L0xx_HAL_Driver\Src\stm32l0xx_hal_gpio.c 0x00000000   Number         0  stm32l0xx_hal_gpio.o ABSOLUTE
    ..\STM32L0xx_HAL_Driver\Src\stm32l0xx_hal_rcc.c 0x00000000   Number         0  stm32l0xx_hal_rcc.o ABSOLUTE
    ..\STM32L0xx_HAL_Driver\Src\stm32l0xx_hal_rcc_ex.c 0x00000000   Number         0  stm32l0xx_hal_rcc_ex.o ABSOLUTE
    ..\STM32L0xx_HAL_Driver\Src\stm32l0xx_hal_spi.c 0x00000000   Number         0  stm32l0xx_hal_spi.o ABSOLUTE
    ..\STM32L0xx_HAL_Driver\Src\stm32l0xx_hal_tim.c 0x00000000   Number         0  stm32l0xx_hal_tim.o ABSOLUTE
    ..\STM32L0xx_HAL_Driver\Src\stm32l0xx_hal_uart.c 0x00000000   Number         0  stm32l0xx_hal_uart.o ABSOLUTE
    ..\STM32L0xx_HAL_Driver\Src\stm32l0xx_hal_uart_ex.c 0x00000000   Number         0  stm32l0xx_hal_uart_ex.o ABSOLUTE
    ..\\CORE\\system_stm32l0xx.c             0x00000000   Number         0  system_stm32l0xx.o ABSOLUTE
    ..\\HARDWARE\\OLED\\Windows\\wnd_mainmenu.c 0x00000000   Number         0  wnd_mainmenu.o ABSOLUTE
    ..\\HARDWARE\\OLED\\Windows\\wnd_settime.c 0x00000000   Number         0  wnd_settime.o ABSOLUTE
    ..\\HARDWARE\\OLED\\charlib.c            0x00000000   Number         0  charlib.o ABSOLUTE
    ..\\HARDWARE\\OLED\\my_hal_spi.c         0x00000000   Number         0  my_hal_spi.o ABSOLUTE
    ..\\HARDWARE\\OLED\\my_hal_tim.c         0x00000000   Number         0  my_hal_tim.o ABSOLUTE
    ..\\HARDWARE\\OLED\\my_hal_uart.c        0x00000000   Number         0  my_hal_uart.o ABSOLUTE
    ..\\HARDWARE\\OLED\\oled.c               0x00000000   Number         0  oled.o ABSOLUTE
    ..\\HARDWARE\\OLED\\oled_menu.c          0x00000000   Number         0  oled_menu.o ABSOLUTE
    ..\\HARDWARE\\OLED\\uGUI_Driver\\ugui_SSD1309.c 0x00000000   Number         0  ugui_ssd1309.o ABSOLUTE
    ..\\HARDWARE\\OLED\\uGUI_Library\\ugui.c 0x00000000   Number         0  ugui.o ABSOLUTE
    ..\\STM32L0xx_HAL_Driver\\Src\\stm32l0xx_hal.c 0x00000000   Number         0  stm32l0xx_hal.o ABSOLUTE
    ..\\STM32L0xx_HAL_Driver\\Src\\stm32l0xx_hal_cortex.c 0x00000000   Number         0  stm32l0xx_hal_cortex.o ABSOLUTE
    ..\\STM32L0xx_HAL_Driver\\Src\\stm32l0xx_hal_dma.c 0x00000000   Number         0  stm32l0xx_hal_dma.o ABSOLUTE
    ..\\STM32L0xx_HAL_Driver\\Src\\stm32l0xx_hal_gpio.c 0x00000000   Number         0  stm32l0xx_hal_gpio.o ABSOLUTE
    ..\\STM32L0xx_HAL_Driver\\Src\\stm32l0xx_hal_rcc.c 0x00000000   Number         0  stm32l0xx_hal_rcc.o ABSOLUTE
    ..\\STM32L0xx_HAL_Driver\\Src\\stm32l0xx_hal_rcc_ex.c 0x00000000   Number         0  stm32l0xx_hal_rcc_ex.o ABSOLUTE
    ..\\STM32L0xx_HAL_Driver\\Src\\stm32l0xx_hal_spi.c 0x00000000   Number         0  stm32l0xx_hal_spi.o ABSOLUTE
    ..\\STM32L0xx_HAL_Driver\\Src\\stm32l0xx_hal_tim.c 0x00000000   Number         0  stm32l0xx_hal_tim.o ABSOLUTE
    ..\\STM32L0xx_HAL_Driver\\Src\\stm32l0xx_hal_uart.c 0x00000000   Number         0  stm32l0xx_hal_uart.o ABSOLUTE
    ..\\STM32L0xx_HAL_Driver\\Src\\stm32l0xx_hal_uart_ex.c 0x00000000   Number         0  stm32l0xx_hal_uart_ex.o ABSOLUTE
    GT21L16S2Y.c                             0x00000000   Number         0  gt21l16s2y.o ABSOLUTE
    cdrcmple.s                               0x00000000   Number         0  cdrcmple.o ABSOLUTE
    dc.s                                     0x00000000   Number         0  dc.o ABSOLUTE
    handlers.s                               0x00000000   Number         0  handlers.o ABSOLUTE
    init.s                                   0x00000000   Number         0  init.o ABSOLUTE
    keypad.c                                 0x00000000   Number         0  keypad.o ABSOLUTE
    keypad.c                                 0x00000000   Number         0  keypad.o ABSOLUTE
    main.c                                   0x00000000   Number         0  main.o ABSOLUTE
    main.c                                   0x00000000   Number         0  main.o ABSOLUTE
    stm32l0xx_it.c                           0x00000000   Number         0  stm32l0xx_it.o ABSOLUTE
    stm32l0xx_it.c                           0x00000000   Number         0  stm32l0xx_it.o ABSOLUTE
    stream_frame.c                           0x00000000   Number         0  stream_frame.o ABSOLUTE
    RESET                                    0x08000000   Section      192  startup_stm32l031xx.o(RESET)
    .ARM.Collect$$$$00000000                 0x080000c0   Section        0  entry.o(.ARM.Collect$$$$00000000)
    .ARM.Collect$$$$00000001                 0x080000c0   Section        4  entry2.o(.ARM.Collect$$$$00000001)
    .ARM.Collect$$$$00000004                 0x080000c4   Section        4  entry5.o(.ARM.Collect$$$$00000004)
    .ARM.Collect$$$$00000008                 0x080000c8   Section        0  entry7b.o(.ARM.Collect$$$$00000008)
    .ARM.Collect$$$$0000000A                 0x080000c8   Section        0  entry8b.o(.ARM.Collect$$$$0000000A)
    .ARM.Collect$$$$0000000B                 0x080000c8   Section        8  entry9a.o(.ARM.Collect$$$$0000000B)
    .ARM.Collect$$$$0000000E                 0x080000d0   Section        4  entry12b.o(.ARM.Collect$$$$0000000E)
    .ARM.Collect$$$$0000000F                 0x080000d4   Section        0  entry10a.o(.ARM.Collect$$$$0000000F)
    .ARM.Collect$$$$00000011                 0x080000d4   Section        0  entry11a.o(.ARM.Collect$$$$00000011)
    .ARM.Collect$$$$00002712                 0x080000d4   Section        4  entry2.o(.ARM.Collect$$$$00002712)
    __lit__00000000                          0x080000d4   Data           4  entry2.o(.ARM.Collect$$$$00002712)
    .text                                    0x080000d8   Section       28  startup_stm32l031xx.o(.text)
    .text                                    0x080000f4   Section        0  uidiv.o(.text)
    .text                                    0x08000120   Section        0  idiv.o(.text)
    .text                                    0x08000148   Section        0  uldiv.o(.text)
    .text                                    0x080001a8   Section        0  llshl.o(.text)
    .text                                    0x080001c8   Section        0  llushr.o(.text)
    .text                                    0x080001ec   Section       36  init.o(.text)
    i.ASCII_GetData                          0x08000210   Section        0  gt21l16s2y.o(i.ASCII_GetData)
    i.CX_DrawBattery                         0x080002d8   Section        0  ugui.o(i.CX_DrawBattery)
    i.CX_FocusNextObj                        0x08000350   Section        0  ugui.o(i.CX_FocusNextObj)
    i.CX_FocusObj                            0x0800037e   Section        0  ugui.o(i.CX_FocusObj)
    i.CX_FocusPrevObj                        0x080003c2   Section        0  ugui.o(i.CX_FocusPrevObj)
    i.CX_GetActiveObj                        0x080003f0   Section        0  ugui.o(i.CX_GetActiveObj)
    i.CX_GetNextObj                          0x080003fe   Section        0  ugui.o(i.CX_GetNextObj)
    i.CX_GetPrevObj                          0x08000438   Section        0  ugui.o(i.CX_GetPrevObj)
    i.CX_InputUpdate                         0x08000470   Section        0  ugui.o(i.CX_InputUpdate)
    i.CX_TextboxResetColor                   0x08000518   Section        0  ugui.o(i.CX_TextboxResetColor)
    i.CX_TextboxToggleColor                  0x08000550   Section        0  ugui.o(i.CX_TextboxToggleColor)
    i.CreateWindow_MainMenu                  0x08000584   Section        0  wnd_mainmenu.o(i.CreateWindow_MainMenu)
    i.CreateWindow_SetTime                   0x08000680   Section        0  wnd_settime.o(i.CreateWindow_SetTime)
    i.DisplayCurrentPage                     0x0800082c   Section        0  wnd_mainmenu.o(i.DisplayCurrentPage)
    DisplayCurrentPage                       0x0800082d   Thumb Code   206  wnd_mainmenu.o(i.DisplayCurrentPage)
    i.Display_PSet                           0x08000910   Section        0  ugui_ssd1309.o(i.Display_PSet)
    i.GetKey                                 0x0800093c   Section        0  keypad.o(i.GetKey)
    i.HAL_Delay                              0x08000a20   Section        0  stm32l0xx_hal.o(i.HAL_Delay)
    i.HAL_GPIO_Init                          0x08000a3c   Section        0  stm32l0xx_hal_gpio.o(i.HAL_GPIO_Init)
    i.HAL_GPIO_ReadPin                       0x08000c18   Section        0  stm32l0xx_hal_gpio.o(i.HAL_GPIO_ReadPin)
    i.HAL_GPIO_WritePin                      0x08000c2a   Section        0  stm32l0xx_hal_gpio.o(i.HAL_GPIO_WritePin)
    i.HAL_GetTick                            0x08000c38   Section        0  stm32l0xx_hal.o(i.HAL_GetTick)
    i.HAL_IncTick                            0x08000c44   Section        0  stm32l0xx_hal.o(i.HAL_IncTick)
    i.HAL_Init                               0x08000c54   Section        0  stm32l0xx_hal.o(i.HAL_Init)
    i.HAL_InitTick                           0x08000c74   Section        0  stm32l0xx_hal.o(i.HAL_InitTick)
    i.HAL_MspInit                            0x08000c9c   Section        0  stm32l0xx_hal.o(i.HAL_MspInit)
    i.HAL_NVIC_EnableIRQ                     0x08000ca0   Section        0  stm32l0xx_hal_cortex.o(i.HAL_NVIC_EnableIRQ)
    i.HAL_NVIC_SetPriority                   0x08000cb8   Section        0  stm32l0xx_hal_cortex.o(i.HAL_NVIC_SetPriority)
    i.HAL_RCCEx_GetPeriphCLKFreq             0x08000ccc   Section        0  stm32l0xx_hal_rcc_ex.o(i.HAL_RCCEx_GetPeriphCLKFreq)
    i.HAL_RCC_ClockConfig                    0x08000eac   Section        0  stm32l0xx_hal_rcc.o(i.HAL_RCC_ClockConfig)
    i.HAL_RCC_GetHCLKFreq                    0x080010a4   Section        0  stm32l0xx_hal_rcc.o(i.HAL_RCC_GetHCLKFreq)
    i.HAL_RCC_GetPCLK1Freq                   0x080010b0   Section        0  stm32l0xx_hal_rcc.o(i.HAL_RCC_GetPCLK1Freq)
    i.HAL_RCC_GetPCLK2Freq                   0x080010d4   Section        0  stm32l0xx_hal_rcc.o(i.HAL_RCC_GetPCLK2Freq)
    i.HAL_RCC_GetSysClockFreq                0x080010f8   Section        0  stm32l0xx_hal_rcc.o(i.HAL_RCC_GetSysClockFreq)
    i.HAL_RCC_OscConfig                      0x080011dc   Section        0  stm32l0xx_hal_rcc.o(i.HAL_RCC_OscConfig)
    i.HAL_SPI_Init                           0x080017fc   Section        0  stm32l0xx_hal_spi.o(i.HAL_SPI_Init)
    i.HAL_SPI_MspInit                        0x08001880   Section        0  my_hal_spi.o(i.HAL_SPI_MspInit)
    i.HAL_SPI_Receive                        0x0800193c   Section        0  stm32l0xx_hal_spi.o(i.HAL_SPI_Receive)
    i.HAL_SPI_Transmit                       0x08001b9c   Section        0  stm32l0xx_hal_spi.o(i.HAL_SPI_Transmit)
    i.HAL_SPI_TransmitReceive                0x08001d76   Section        0  stm32l0xx_hal_spi.o(i.HAL_SPI_TransmitReceive)
    i.HAL_SYSTICK_CLKSourceConfig            0x080020f4   Section        0  stm32l0xx_hal_cortex.o(i.HAL_SYSTICK_CLKSourceConfig)
    i.HAL_SYSTICK_Callback                   0x08002118   Section        0  stm32l0xx_hal_cortex.o(i.HAL_SYSTICK_Callback)
    i.HAL_SYSTICK_Config                     0x0800211c   Section        0  stm32l0xx_hal_cortex.o(i.HAL_SYSTICK_Config)
    i.HAL_SYSTICK_IRQHandler                 0x08002154   Section        0  stm32l0xx_hal_cortex.o(i.HAL_SYSTICK_IRQHandler)
    i.HAL_TIM_Base_Init                      0x0800215c   Section        0  stm32l0xx_hal_tim.o(i.HAL_TIM_Base_Init)
    i.HAL_TIM_Base_MspInit                   0x08002194   Section        0  my_hal_tim.o(i.HAL_TIM_Base_MspInit)
    i.HAL_TIM_Base_Start_IT                  0x080021bc   Section        0  stm32l0xx_hal_tim.o(i.HAL_TIM_Base_Start_IT)
    i.HAL_TIM_IC_CaptureCallback             0x080021da   Section        0  stm32l0xx_hal_tim.o(i.HAL_TIM_IC_CaptureCallback)
    i.HAL_TIM_IRQHandler                     0x080021dc   Section        0  stm32l0xx_hal_tim.o(i.HAL_TIM_IRQHandler)
    i.HAL_TIM_OC_DelayElapsedCallback        0x08002358   Section        0  stm32l0xx_hal_tim.o(i.HAL_TIM_OC_DelayElapsedCallback)
    i.HAL_TIM_PWM_PulseFinishedCallback      0x0800235a   Section        0  stm32l0xx_hal_tim.o(i.HAL_TIM_PWM_PulseFinishedCallback)
    i.HAL_TIM_PeriodElapsedCallback          0x0800235c   Section        0  stm32l0xx_it.o(i.HAL_TIM_PeriodElapsedCallback)
    i.HAL_TIM_TriggerCallback                0x08002368   Section        0  stm32l0xx_hal_tim.o(i.HAL_TIM_TriggerCallback)
    i.HAL_UART_Init                          0x0800236a   Section        0  stm32l0xx_hal_uart.o(i.HAL_UART_Init)
    i.HAL_UART_MspInit                       0x080023ec   Section        0  my_hal_uart.o(i.HAL_UART_MspInit)
    i.HAL_UART_Receive                       0x0800249c   Section        0  stm32l0xx_hal_uart.o(i.HAL_UART_Receive)
    i.HAL_UART_Transmit                      0x080025e8   Section        0  stm32l0xx_hal_uart.o(i.HAL_UART_Transmit)
    i.HardFault_Handler                      0x080026d8   Section        0  stm32l0xx_it.o(i.HardFault_Handler)
    i.IIC_Start                              0x080026dc   Section        0  oled.o(i.IIC_Start)
    i.IIC_Stop                               0x0800270c   Section        0  oled.o(i.IIC_Stop)
    i.IIC_Wait_Ack                           0x08002734   Section        0  oled.o(i.IIC_Wait_Ack)
    i.Keypad_Init                            0x08002750   Section        0  keypad.o(i.Keypad_Init)
    i.Keypad_Init2                           0x080027dc   Section        0  keypad.o(i.Keypad_Init2)
    i.MC_AddItem                             0x08002888   Section        0  oled_menu.o(i.MC_AddItem)
    i.MC_Init                                0x080029c0   Section        0  oled_menu.o(i.MC_Init)
    i.MC_MoveToNextItem                      0x08002a18   Section        0  oled_menu.o(i.MC_MoveToNextItem)
    i.MC_MoveToParentMenu                    0x08002ad4   Section        0  oled_menu.o(i.MC_MoveToParentMenu)
    i.MC_MoveToPrevItem                      0x08002b5c   Section        0  oled_menu.o(i.MC_MoveToPrevItem)
    i.MC_MoveToSubMenu                       0x08002c04   Section        0  oled_menu.o(i.MC_MoveToSubMenu)
    i.NMI_Handler                            0x08002cb8   Section        0  stm32l0xx_it.o(i.NMI_Handler)
    i.NVIC_SetPriority                       0x08002cbc   Section        0  stm32l0xx_hal_cortex.o(i.NVIC_SetPriority)
    NVIC_SetPriority                         0x08002cbd   Thumb Code   110  stm32l0xx_hal_cortex.o(i.NVIC_SetPriority)
    i.OLED_Clear                             0x08002d34   Section        0  oled.o(i.OLED_Clear)
    i.OLED_DrawPoint                         0x08002d64   Section        0  oled.o(i.OLED_DrawPoint)
    i.OLED_Init                              0x08002ddc   Section        0  oled.o(i.OLED_Init)
    i.OLED_Refresh                           0x08002f24   Section        0  oled.o(i.OLED_Refresh)
    i.OLED_ShowASCIIFromBuff                 0x08002f70   Section        0  oled.o(i.OLED_ShowASCIIFromBuff)
    i.OLED_ShowChineseFromBuff               0x08002ff6   Section        0  oled.o(i.OLED_ShowChineseFromBuff)
    i.OLED_ShowString                        0x080030a8   Section        0  oled.o(i.OLED_ShowString)
    i.OLED_WR_Byte                           0x08003188   Section        0  oled.o(i.OLED_WR_Byte)
    i.PendSV_Handler                         0x080031a2   Section        0  stm32l0xx_it.o(i.PendSV_Handler)
    i.ProcessInputData                       0x080031a4   Section        0  wnd_settime.o(i.ProcessInputData)
    i.ProcessInputData                       0x08003390   Section        0  wnd_mainmenu.o(i.ProcessInputData)
    ProcessInputData                         0x08003391   Thumb Code   288  wnd_mainmenu.o(i.ProcessInputData)
    i.RCC_SetFlashLatencyFromMSIRange        0x080034b8   Section        0  stm32l0xx_hal_rcc.o(i.RCC_SetFlashLatencyFromMSIRange)
    RCC_SetFlashLatencyFromMSIRange          0x080034b9   Thumb Code   138  stm32l0xx_hal_rcc.o(i.RCC_SetFlashLatencyFromMSIRange)
    i.SPI_Address                            0x08003550   Section        0  charlib.o(i.SPI_Address)
    SPI_Address                              0x08003551   Thumb Code    40  charlib.o(i.SPI_Address)
    i.SPI_WaitOnFlagUntilTimeout             0x08003580   Section        0  stm32l0xx_hal_spi.o(i.SPI_WaitOnFlagUntilTimeout)
    SPI_WaitOnFlagUntilTimeout               0x08003581   Thumb Code   280  stm32l0xx_hal_spi.o(i.SPI_WaitOnFlagUntilTimeout)
    i.SVC_Handler                            0x08003698   Section        0  stm32l0xx_it.o(i.SVC_Handler)
    i.Spi_Init                               0x0800369c   Section        0  my_hal_spi.o(i.Spi_Init)
    i.SysTick_Handler                        0x08003734   Section        0  stm32l0xx_it.o(i.SysTick_Handler)
    i.SystemClock_Config                     0x080037d4   Section        0  main.o(i.SystemClock_Config)
    i.SystemInit                             0x08003854   Section        0  system_stm32l0xx.o(i.SystemInit)
    i.TIM2_IRQHandler                        0x080038bc   Section        0  stm32l0xx_it.o(i.TIM2_IRQHandler)
    i.TIM_Base_SetConfig                     0x080038cc   Section        0  stm32l0xx_hal_tim.o(i.TIM_Base_SetConfig)
    TIM_Base_SetConfig                       0x080038cd   Thumb Code   108  stm32l0xx_hal_tim.o(i.TIM_Base_SetConfig)
    i.Timer_Init                             0x08003940   Section        0  my_hal_tim.o(i.Timer_Init)
    i.UART_AdvFeatureConfig                  0x080039b4   Section        0  stm32l0xx_hal_uart.o(i.UART_AdvFeatureConfig)
    i.UART_CheckIdleState                    0x08003aa4   Section        0  stm32l0xx_hal_uart.o(i.UART_CheckIdleState)
    i.UART_SetConfig                         0x08003b18   Section        0  stm32l0xx_hal_uart.o(i.UART_SetConfig)
    i.UART_WaitOnFlagUntilTimeout            0x08003eac   Section        0  stm32l0xx_hal_uart.o(i.UART_WaitOnFlagUntilTimeout)
    i.UG_DrawFrame                           0x08003f1c   Section        0  ugui.o(i.UG_DrawFrame)
    i.UG_DrawLine                            0x08003f64   Section        0  ugui.o(i.UG_DrawLine)
    i.UG_FillFrame                           0x08004098   Section        0  ugui.o(i.UG_FillFrame)
    i.UG_GetXDim                             0x0800411c   Section        0  ugui.o(i.UG_GetXDim)
    i.UG_GetYDim                             0x0800412c   Section        0  ugui.o(i.UG_GetYDim)
    i.UG_Init                                0x0800413c   Section        0  ugui.o(i.UG_Init)
    i.UG_TextboxCreate                       0x080041d0   Section        0  ugui.o(i.UG_TextboxCreate)
    i.UG_TextboxHide                         0x08004274   Section        0  ugui.o(i.UG_TextboxHide)
    i.UG_TextboxSetAlignment                 0x080042a4   Section        0  ugui.o(i.UG_TextboxSetAlignment)
    i.UG_TextboxSetBackColor                 0x080042d2   Section        0  ugui.o(i.UG_TextboxSetBackColor)
    i.UG_TextboxSetFont                      0x08004300   Section        0  ugui.o(i.UG_TextboxSetFont)
    i.UG_TextboxSetForeColor                 0x0800432e   Section        0  ugui.o(i.UG_TextboxSetForeColor)
    i.UG_TextboxSetText                      0x0800435c   Section        0  ugui.o(i.UG_TextboxSetText)
    i.UG_TextboxShow                         0x0800438a   Section        0  ugui.o(i.UG_TextboxShow)
    i.UG_Update                              0x080043bc   Section        0  ugui.o(i.UG_Update)
    i.UG_WindowCreate                        0x08004518   Section        0  ugui.o(i.UG_WindowCreate)
    i.UG_WindowGetArea                       0x080045d8   Section        0  ugui.o(i.UG_WindowGetArea)
    i.UG_WindowHide                          0x08004644   Section        0  ugui.o(i.UG_WindowHide)
    i.UG_WindowResize                        0x0800470c   Section        0  ugui.o(i.UG_WindowResize)
    i.UG_WindowSetTitleText                  0x08004844   Section        0  ugui.o(i.UG_WindowSetTitleText)
    i.UG_WindowSetTitleTextColor             0x08004868   Section        0  ugui.o(i.UG_WindowSetTitleTextColor)
    i.UG_WindowSetTitleTextFont              0x0800488c   Section        0  ugui.o(i.UG_WindowSetTitleTextFont)
    i.UG_WindowSetXEnd                       0x080048d0   Section        0  ugui.o(i.UG_WindowSetXEnd)
    i.UG_WindowSetXStart                     0x08004912   Section        0  ugui.o(i.UG_WindowSetXStart)
    i.UG_WindowSetYEnd                       0x08004954   Section        0  ugui.o(i.UG_WindowSetYEnd)
    i.UG_WindowSetYStart                     0x08004996   Section        0  ugui.o(i.UG_WindowSetYStart)
    i.UG_WindowShow                          0x080049d8   Section        0  ugui.o(i.UG_WindowShow)
    i.USART2_IRQHandler                      0x08004a04   Section        0  stm32l0xx_it.o(i.USART2_IRQHandler)
    i.Uart_Init                              0x08004a9c   Section        0  my_hal_uart.o(i.Uart_Init)
    i.Write_IIC_Byte                         0x08004ac8   Section        0  oled.o(i.Write_IIC_Byte)
    i.Write_IIC_Command                      0x08004b24   Section        0  oled.o(i.Write_IIC_Command)
    i.Write_IIC_Data                         0x08004b50   Section        0  oled.o(i.Write_IIC_Data)
    i._CX_UnFocusObj                         0x08004b7c   Section        0  ugui.o(i._CX_UnFocusObj)
    i._UG_DrawObjectFrame                    0x08004b98   Section        0  ugui.o(i._UG_DrawObjectFrame)
    i._UG_GetFreeObject                      0x08004cc0   Section        0  ugui.o(i._UG_GetFreeObject)
    i._UG_HandleEvents                       0x08004cf8   Section        0  ugui.o(i._UG_HandleEvents)
    i._UG_ProcessTouchData                   0x08004d64   Section        0  ugui.o(i._UG_ProcessTouchData)
    i._UG_PutChar                            0x08004e6c   Section        0  ugui.o(i._UG_PutChar)
    i._UG_PutText                            0x08005244   Section        0  ugui.o(i._UG_PutText)
    i._UG_SearchObject                       0x08005432   Section        0  ugui.o(i._UG_SearchObject)
    i._UG_SendObjectPostrenderEvent          0x08005478   Section        0  ugui.o(i._UG_SendObjectPostrenderEvent)
    i._UG_SendObjectPrerenderEvent           0x08005498   Section        0  ugui.o(i._UG_SendObjectPrerenderEvent)
    i._UG_TextboxUpdate                      0x080054b6   Section        0  ugui.o(i._UG_TextboxUpdate)
    i._UG_UpdateObjects                      0x080055d2   Section        0  ugui.o(i._UG_UpdateObjects)
    i._UG_WindowClear                        0x08005638   Section        0  ugui.o(i._UG_WindowClear)
    i._UG_WindowDrawTitle                    0x080056bc   Section        0  ugui.o(i._UG_WindowDrawTitle)
    i._UG_WindowUpdate                       0x080057b8   Section        0  ugui.o(i._UG_WindowUpdate)
    i.__0printf$6                            0x080058cc   Section        0  printf6.o(i.__0printf$6)
    i.__0sprintf$6                           0x080058ec   Section        0  printf6.o(i.__0sprintf$6)
    i.__ARM_common_ll_muluu                  0x08005914   Section        0  stm32l0xx_hal_uart.o(i.__ARM_common_ll_muluu)
    i.__ARM_common_switch8                   0x08005944   Section        0  stm32l0xx_hal_tim.o(i.__ARM_common_switch8)
    i.__scatterload_copy                     0x08005960   Section       14  handlers.o(i.__scatterload_copy)
    i.__scatterload_null                     0x0800596e   Section        2  handlers.o(i.__scatterload_null)
    i.__scatterload_zeroinit                 0x08005970   Section       14  handlers.o(i.__scatterload_zeroinit)
    i._printf_core                           0x08005980   Section        0  printf6.o(i._printf_core)
    _printf_core                             0x08005981   Thumb Code   768  printf6.o(i._printf_core)
    i._printf_post_padding                   0x08005c84   Section        0  printf6.o(i._printf_post_padding)
    _printf_post_padding                     0x08005c85   Thumb Code    32  printf6.o(i._printf_post_padding)
    i._printf_pre_padding                    0x08005ca4   Section        0  printf6.o(i._printf_pre_padding)
    _printf_pre_padding                      0x08005ca5   Thumb Code    44  printf6.o(i._printf_pre_padding)
    i._sputc                                 0x08005cd0   Section        0  printf6.o(i._sputc)
    _sputc                                   0x08005cd1   Thumb Code    10  printf6.o(i._sputc)
    i.fputc                                  0x08005cdc   Section        0  my_hal_uart.o(i.fputc)
    i.gt_12_GetData                          0x08005cf8   Section        0  gt21l16s2y.o(i.gt_12_GetData)
    i.main                                   0x08005d6c   Section        0  main.o(i.main)
    i.r_dat_bat                              0x08005e14   Section        0  charlib.o(i.r_dat_bat)
    i.window_1_callback                      0x08005e80   Section        0  wnd_settime.o(i.window_1_callback)
    i.window_1_callback                      0x08005e90   Section        0  wnd_mainmenu.o(i.window_1_callback)
    window_1_callback                        0x08005e91   Thumb Code    16  wnd_mainmenu.o(i.window_1_callback)
    .constdata                               0x08005ea0   Section        4  main.o(.constdata)
    .constdata                               0x08005ea4   Section     1796  ugui.o(.constdata)
    .constdata                               0x080065a8   Section       33  system_stm32l0xx.o(.constdata)
    .conststring                             0x080065cc   Section        6  main.o(.conststring)
    .conststring                             0x080065d4   Section       71  oled_menu.o(.conststring)
    .data                                    0x20000000   Section       92  main.o(.data)
    .data                                    0x2000005c   Section        8  stm32l0xx_it.o(.data)
    .data                                    0x20000064   Section       36  oled_menu.o(.data)
    .data                                    0x20000088   Section       12  wnd_settime.o(.data)
    .data                                    0x20000094   Section        8  wnd_mainmenu.o(.data)
    textboxIds                               0x20000094   Data           6  wnd_mainmenu.o(.data)
    itemCount                                0x2000009a   Data           1  wnd_mainmenu.o(.data)
    focusPos                                 0x2000009b   Data           1  wnd_mainmenu.o(.data)
    .data                                    0x2000009c   Section       12  ugui.o(.data)
    msg                                      0x200000a0   Data           8  ugui.o(.data)
    .data                                    0x200000a8   Section        4  my_hal_tim.o(.data)
    .data                                    0x200000ac   Section        4  stm32l0xx_hal.o(.data)
    .data                                    0x200000b0   Section        4  system_stm32l0xx.o(.data)
    .data                                    0x200000b4   Section        4  stdout.o(.data)
    .bss                                     0x200000b8   Section      660  main.o(.bss)
    .bss                                     0x2000034c   Section      224  oled_menu.o(.bss)
    .bss                                     0x2000042c   Section      496  wnd_settime.o(.bss)
    .bss                                     0x2000061c   Section      440  wnd_mainmenu.o(.bss)
    obj_buff_wnd_1                           0x2000061c   Data         320  wnd_mainmenu.o(.bss)
    window_1                                 0x2000075c   Data          72  wnd_mainmenu.o(.bss)
    textbox                                  0x200007a4   Data          48  wnd_mainmenu.o(.bss)
    .bss                                     0x200007d4   Section     1152  oled.o(.bss)
    .bss                                     0x20000c54   Section       88  my_hal_spi.o(.bss)
    .bss                                     0x20000cac   Section      112  my_hal_uart.o(.bss)
    .bss                                     0x20000d1c   Section       56  my_hal_tim.o(.bss)
    STACK                                    0x20000d58   Section     1024  startup_stm32l031xx.o(STACK)

    Global Symbols

    Symbol Name                              Value     Ov Type        Size  Object(Section)

    BuildAttributes$$THM_ISAv3M$S$PE$A:L22$X:L11$S22$IEEE1$IW$USESV6$~STKCKD$USESV7$~SHL$OSPACE$ROPI$EBA8$MICROLIB$REQ8$PRES8$EABIv2 0x00000000   Number         0  anon$$obj.o ABSOLUTE
    __ARM_use_no_argv                        0x00000000   Number         0  main.o ABSOLUTE
    _printf_a                                0x00000000   Number         0  stubs.o ABSOLUTE
    _printf_c                                0x00000000   Number         0  stubs.o ABSOLUTE
    _printf_charcount                        0x00000000   Number         0  stubs.o ABSOLUTE
    _printf_d                                0x00000000   Number         0  stubs.o ABSOLUTE
    _printf_e                                0x00000000   Number         0  stubs.o ABSOLUTE
    _printf_f                                0x00000000   Number         0  stubs.o ABSOLUTE
    _printf_flags                            0x00000000   Number         0  stubs.o ABSOLUTE
    _printf_fp_dec                           0x00000000   Number         0  stubs.o ABSOLUTE
    _printf_fp_hex                           0x00000000   Number         0  stubs.o ABSOLUTE
    _printf_g                                0x00000000   Number         0  stubs.o ABSOLUTE
    _printf_i                                0x00000000   Number         0  stubs.o ABSOLUTE
    _printf_int_dec                          0x00000000   Number         0  stubs.o ABSOLUTE
    _printf_l                                0x00000000   Number         0  stubs.o ABSOLUTE
    _printf_lc                               0x00000000   Number         0  stubs.o ABSOLUTE
    _printf_ll                               0x00000000   Number         0  stubs.o ABSOLUTE
    _printf_lld                              0x00000000   Number         0  stubs.o ABSOLUTE
    _printf_lli                              0x00000000   Number         0  stubs.o ABSOLUTE
    _printf_llo                              0x00000000   Number         0  stubs.o ABSOLUTE
    _printf_llu                              0x00000000   Number         0  stubs.o ABSOLUTE
    _printf_llx                              0x00000000   Number         0  stubs.o ABSOLUTE
    _printf_longlong_dec                     0x00000000   Number         0  stubs.o ABSOLUTE
    _printf_longlong_hex                     0x00000000   Number         0  stubs.o ABSOLUTE
    _printf_longlong_oct                     0x00000000   Number         0  stubs.o ABSOLUTE
    _printf_ls                               0x00000000   Number         0  stubs.o ABSOLUTE
    _printf_mbtowc                           0x00000000   Number         0  stubs.o ABSOLUTE
    _printf_n                                0x00000000   Number         0  stubs.o ABSOLUTE
    _printf_o                                0x00000000   Number         0  stubs.o ABSOLUTE
    _printf_p                                0x00000000   Number         0  stubs.o ABSOLUTE
    _printf_percent                          0x00000000   Number         0  stubs.o ABSOLUTE
    _printf_pre_padding                      0x00000000   Number         0  stubs.o ABSOLUTE
    _printf_return_value                     0x00000000   Number         0  stubs.o ABSOLUTE
    _printf_s                                0x00000000   Number         0  stubs.o ABSOLUTE
    _printf_sizespec                         0x00000000   Number         0  stubs.o ABSOLUTE
    _printf_str                              0x00000000   Number         0  stubs.o ABSOLUTE
    _printf_truncate_signed                  0x00000000   Number         0  stubs.o ABSOLUTE
    _printf_truncate_unsigned                0x00000000   Number         0  stubs.o ABSOLUTE
    _printf_u                                0x00000000   Number         0  stubs.o ABSOLUTE
    _printf_wc                               0x00000000   Number         0  stubs.o ABSOLUTE
    _printf_wctomb                           0x00000000   Number         0  stubs.o ABSOLUTE
    _printf_widthprec                        0x00000000   Number         0  stubs.o ABSOLUTE
    _printf_x                                0x00000000   Number         0  stubs.o ABSOLUTE
    __arm_fini_                               - Undefined Weak Reference
    __cpp_initialize__aeabi_                  - Undefined Weak Reference
    __cxa_finalize                            - Undefined Weak Reference
    __decompress                              - Undefined Weak Reference
    _clock_init                               - Undefined Weak Reference
    _microlib_exit                            - Undefined Weak Reference
    __Vectors_Size                           0x000000c0   Number         0  startup_stm32l031xx.o ABSOLUTE
    __Vectors                                0x08000000   Data           4  startup_stm32l031xx.o(RESET)
    __Vectors_End                            0x080000c0   Data           0  startup_stm32l031xx.o(RESET)
    __main                                   0x080000c1   Thumb Code     0  entry.o(.ARM.Collect$$$$00000000)
    _main_stk                                0x080000c1   Thumb Code     0  entry2.o(.ARM.Collect$$$$00000001)
    _main_scatterload                        0x080000c5   Thumb Code     0  entry5.o(.ARM.Collect$$$$00000004)
    __main_after_scatterload                 0x080000c9   Thumb Code     0  entry5.o(.ARM.Collect$$$$00000004)
    _main_clock                              0x080000c9   Thumb Code     0  entry7b.o(.ARM.Collect$$$$00000008)
    _main_cpp_init                           0x080000c9   Thumb Code     0  entry8b.o(.ARM.Collect$$$$0000000A)
    _main_init                               0x080000c9   Thumb Code     0  entry9a.o(.ARM.Collect$$$$0000000B)
    __rt_lib_shutdown_fini                   0x080000d1   Thumb Code     0  entry12b.o(.ARM.Collect$$$$0000000E)
    __rt_final_cpp                           0x080000d5   Thumb Code     0  entry10a.o(.ARM.Collect$$$$0000000F)
    __rt_final_exit                          0x080000d5   Thumb Code     0  entry11a.o(.ARM.Collect$$$$00000011)
    Reset_Handler                            0x080000d9   Thumb Code     8  startup_stm32l031xx.o(.text)
    ADC1_COMP_IRQHandler                     0x080000eb   Thumb Code     0  startup_stm32l031xx.o(.text)
    DMA1_Channel1_IRQHandler                 0x080000eb   Thumb Code     0  startup_stm32l031xx.o(.text)
    DMA1_Channel2_3_IRQHandler               0x080000eb   Thumb Code     0  startup_stm32l031xx.o(.text)
    DMA1_Channel4_5_6_7_IRQHandler           0x080000eb   Thumb Code     0  startup_stm32l031xx.o(.text)
    EXTI0_1_IRQHandler                       0x080000eb   Thumb Code     0  startup_stm32l031xx.o(.text)
    EXTI2_3_IRQHandler                       0x080000eb   Thumb Code     0  startup_stm32l031xx.o(.text)
    EXTI4_15_IRQHandler                      0x080000eb   Thumb Code     0  startup_stm32l031xx.o(.text)
    FLASH_IRQHandler                         0x080000eb   Thumb Code     0  startup_stm32l031xx.o(.text)
    I2C1_IRQHandler                          0x080000eb   Thumb Code     0  startup_stm32l031xx.o(.text)
    LPTIM1_IRQHandler                        0x080000eb   Thumb Code     0  startup_stm32l031xx.o(.text)
    LPUART1_IRQHandler                       0x080000eb   Thumb Code     0  startup_stm32l031xx.o(.text)
    PVD_IRQHandler                           0x080000eb   Thumb Code     0  startup_stm32l031xx.o(.text)
    RCC_IRQHandler                           0x080000eb   Thumb Code     0  startup_stm32l031xx.o(.text)
    RTC_IRQHandler                           0x080000eb   Thumb Code     0  startup_stm32l031xx.o(.text)
    SPI1_IRQHandler                          0x080000eb   Thumb Code     0  startup_stm32l031xx.o(.text)
    TIM21_IRQHandler                         0x080000eb   Thumb Code     0  startup_stm32l031xx.o(.text)
    TIM22_IRQHandler                         0x080000eb   Thumb Code     0  startup_stm32l031xx.o(.text)
    WWDG_IRQHandler                          0x080000eb   Thumb Code     0  startup_stm32l031xx.o(.text)
    __aeabi_uidiv                            0x080000f5   Thumb Code     0  uidiv.o(.text)
    __aeabi_uidivmod                         0x080000f5   Thumb Code    44  uidiv.o(.text)
    __aeabi_idiv                             0x08000121   Thumb Code     0  idiv.o(.text)
    __aeabi_idivmod                          0x08000121   Thumb Code    40  idiv.o(.text)
    __aeabi_uldivmod                         0x08000149   Thumb Code    96  uldiv.o(.text)
    __aeabi_llsl                             0x080001a9   Thumb Code    32  llshl.o(.text)
    _ll_shift_l                              0x080001a9   Thumb Code     0  llshl.o(.text)
    __aeabi_llsr                             0x080001c9   Thumb Code    34  llushr.o(.text)
    _ll_ushift_r                             0x080001c9   Thumb Code     0  llushr.o(.text)
    __scatterload                            0x080001ed   Thumb Code    28  init.o(.text)
    __scatterload_rt2                        0x080001ed   Thumb Code     0  init.o(.text)
    ASCII_GetData                            0x08000211   Thumb Code   174  gt21l16s2y.o(i.ASCII_GetData)
    CX_DrawBattery                           0x080002d9   Thumb Code   116  ugui.o(i.CX_DrawBattery)
    CX_FocusNextObj                          0x08000351   Thumb Code    46  ugui.o(i.CX_FocusNextObj)
    CX_FocusObj                              0x0800037f   Thumb Code    68  ugui.o(i.CX_FocusObj)
    CX_FocusPrevObj                          0x080003c3   Thumb Code    46  ugui.o(i.CX_FocusPrevObj)
    CX_GetActiveObj                          0x080003f1   Thumb Code    14  ugui.o(i.CX_GetActiveObj)
    CX_GetNextObj                            0x080003ff   Thumb Code    58  ugui.o(i.CX_GetNextObj)
    CX_GetPrevObj                            0x08000439   Thumb Code    54  ugui.o(i.CX_GetPrevObj)
    CX_InputUpdate                           0x08000471   Thumb Code   164  ugui.o(i.CX_InputUpdate)
    CX_TextboxResetColor                     0x08000519   Thumb Code    52  ugui.o(i.CX_TextboxResetColor)
    CX_TextboxToggleColor                    0x08000551   Thumb Code    50  ugui.o(i.CX_TextboxToggleColor)
    CreateWindow_MainMenu                    0x08000585   Thumb Code   204  wnd_mainmenu.o(i.CreateWindow_MainMenu)
    CreateWindow_SetTime                     0x08000681   Thumb Code   344  wnd_settime.o(i.CreateWindow_SetTime)
    Display_PSet                             0x08000911   Thumb Code    42  ugui_ssd1309.o(i.Display_PSet)
    GetKey                                   0x0800093d   Thumb Code   222  keypad.o(i.GetKey)
    HAL_Delay                                0x08000a21   Thumb Code    26  stm32l0xx_hal.o(i.HAL_Delay)
    HAL_GPIO_Init                            0x08000a3d   Thumb Code   452  stm32l0xx_hal_gpio.o(i.HAL_GPIO_Init)
    HAL_GPIO_ReadPin                         0x08000c19   Thumb Code    18  stm32l0xx_hal_gpio.o(i.HAL_GPIO_ReadPin)
    HAL_GPIO_WritePin                        0x08000c2b   Thumb Code    12  stm32l0xx_hal_gpio.o(i.HAL_GPIO_WritePin)
    HAL_GetTick                              0x08000c39   Thumb Code     6  stm32l0xx_hal.o(i.HAL_GetTick)
    HAL_IncTick                              0x08000c45   Thumb Code    12  stm32l0xx_hal.o(i.HAL_IncTick)
    HAL_Init                                 0x08000c55   Thumb Code    28  stm32l0xx_hal.o(i.HAL_Init)
    HAL_InitTick                             0x08000c75   Thumb Code    36  stm32l0xx_hal.o(i.HAL_InitTick)
    HAL_MspInit                              0x08000c9d   Thumb Code     2  stm32l0xx_hal.o(i.HAL_MspInit)
    HAL_NVIC_EnableIRQ                       0x08000ca1   Thumb Code    18  stm32l0xx_hal_cortex.o(i.HAL_NVIC_EnableIRQ)
    HAL_NVIC_SetPriority                     0x08000cb9   Thumb Code    18  stm32l0xx_hal_cortex.o(i.HAL_NVIC_SetPriority)
    HAL_RCCEx_GetPeriphCLKFreq               0x08000ccd   Thumb Code   452  stm32l0xx_hal_rcc_ex.o(i.HAL_RCCEx_GetPeriphCLKFreq)
    HAL_RCC_ClockConfig                      0x08000ead   Thumb Code   482  stm32l0xx_hal_rcc.o(i.HAL_RCC_ClockConfig)
    HAL_RCC_GetHCLKFreq                      0x080010a5   Thumb Code     6  stm32l0xx_hal_rcc.o(i.HAL_RCC_GetHCLKFreq)
    HAL_RCC_GetPCLK1Freq                     0x080010b1   Thumb Code    26  stm32l0xx_hal_rcc.o(i.HAL_RCC_GetPCLK1Freq)
    HAL_RCC_GetPCLK2Freq                     0x080010d5   Thumb Code    26  stm32l0xx_hal_rcc.o(i.HAL_RCC_GetPCLK2Freq)
    HAL_RCC_GetSysClockFreq                  0x080010f9   Thumb Code   206  stm32l0xx_hal_rcc.o(i.HAL_RCC_GetSysClockFreq)
    HAL_RCC_OscConfig                        0x080011dd   Thumb Code  1556  stm32l0xx_hal_rcc.o(i.HAL_RCC_OscConfig)
    HAL_SPI_Init                             0x080017fd   Thumb Code   130  stm32l0xx_hal_spi.o(i.HAL_SPI_Init)
    HAL_SPI_MspInit                          0x08001881   Thumb Code   178  my_hal_spi.o(i.HAL_SPI_MspInit)
    HAL_SPI_Receive                          0x0800193d   Thumb Code   608  stm32l0xx_hal_spi.o(i.HAL_SPI_Receive)
    HAL_SPI_Transmit                         0x08001b9d   Thumb Code   474  stm32l0xx_hal_spi.o(i.HAL_SPI_Transmit)
    HAL_SPI_TransmitReceive                  0x08001d77   Thumb Code   894  stm32l0xx_hal_spi.o(i.HAL_SPI_TransmitReceive)
    HAL_SYSTICK_CLKSourceConfig              0x080020f5   Thumb Code    32  stm32l0xx_hal_cortex.o(i.HAL_SYSTICK_CLKSourceConfig)
    HAL_SYSTICK_Callback                     0x08002119   Thumb Code     2  stm32l0xx_hal_cortex.o(i.HAL_SYSTICK_Callback)
    HAL_SYSTICK_Config                       0x0800211d   Thumb Code    46  stm32l0xx_hal_cortex.o(i.HAL_SYSTICK_Config)
    HAL_SYSTICK_IRQHandler                   0x08002155   Thumb Code     8  stm32l0xx_hal_cortex.o(i.HAL_SYSTICK_IRQHandler)
    HAL_TIM_Base_Init                        0x0800215d   Thumb Code    56  stm32l0xx_hal_tim.o(i.HAL_TIM_Base_Init)
    HAL_TIM_Base_MspInit                     0x08002195   Thumb Code    34  my_hal_tim.o(i.HAL_TIM_Base_MspInit)
    HAL_TIM_Base_Start_IT                    0x080021bd   Thumb Code    30  stm32l0xx_hal_tim.o(i.HAL_TIM_Base_Start_IT)
    HAL_TIM_IC_CaptureCallback               0x080021db   Thumb Code     2  stm32l0xx_hal_tim.o(i.HAL_TIM_IC_CaptureCallback)
    HAL_TIM_IRQHandler                       0x080021dd   Thumb Code   380  stm32l0xx_hal_tim.o(i.HAL_TIM_IRQHandler)
    HAL_TIM_OC_DelayElapsedCallback          0x08002359   Thumb Code     2  stm32l0xx_hal_tim.o(i.HAL_TIM_OC_DelayElapsedCallback)
    HAL_TIM_PWM_PulseFinishedCallback        0x0800235b   Thumb Code     2  stm32l0xx_hal_tim.o(i.HAL_TIM_PWM_PulseFinishedCallback)
    HAL_TIM_PeriodElapsedCallback            0x0800235d   Thumb Code     8  stm32l0xx_it.o(i.HAL_TIM_PeriodElapsedCallback)
    HAL_TIM_TriggerCallback                  0x08002369   Thumb Code     2  stm32l0xx_hal_tim.o(i.HAL_TIM_TriggerCallback)
    HAL_UART_Init                            0x0800236b   Thumb Code   130  stm32l0xx_hal_uart.o(i.HAL_UART_Init)
    HAL_UART_MspInit                         0x080023ed   Thumb Code   170  my_hal_uart.o(i.HAL_UART_MspInit)
    HAL_UART_Receive                         0x0800249d   Thumb Code   328  stm32l0xx_hal_uart.o(i.HAL_UART_Receive)
    HAL_UART_Transmit                        0x080025e9   Thumb Code   240  stm32l0xx_hal_uart.o(i.HAL_UART_Transmit)
    HardFault_Handler                        0x080026d9   Thumb Code     4  stm32l0xx_it.o(i.HardFault_Handler)
    IIC_Start                                0x080026dd   Thumb Code    44  oled.o(i.IIC_Start)
    IIC_Stop                                 0x0800270d   Thumb Code    34  oled.o(i.IIC_Stop)
    IIC_Wait_Ack                             0x08002735   Thumb Code    24  oled.o(i.IIC_Wait_Ack)
    Keypad_Init                              0x08002751   Thumb Code   130  keypad.o(i.Keypad_Init)
    Keypad_Init2                             0x080027dd   Thumb Code   164  keypad.o(i.Keypad_Init2)
    MC_AddItem                               0x08002889   Thumb Code   306  oled_menu.o(i.MC_AddItem)
    MC_Init                                  0x080029c1   Thumb Code    82  oled_menu.o(i.MC_Init)
    MC_MoveToNextItem                        0x08002a19   Thumb Code   104  oled_menu.o(i.MC_MoveToNextItem)
    MC_MoveToParentMenu                      0x08002ad5   Thumb Code    62  oled_menu.o(i.MC_MoveToParentMenu)
    MC_MoveToPrevItem                        0x08002b5d   Thumb Code    86  oled_menu.o(i.MC_MoveToPrevItem)
    MC_MoveToSubMenu                         0x08002c05   Thumb Code   102  oled_menu.o(i.MC_MoveToSubMenu)
    NMI_Handler                              0x08002cb9   Thumb Code     2  stm32l0xx_it.o(i.NMI_Handler)
    OLED_Clear                               0x08002d35   Thumb Code    42  oled.o(i.OLED_Clear)
    OLED_DrawPoint                           0x08002d65   Thumb Code   116  oled.o(i.OLED_DrawPoint)
    OLED_Init                                0x08002ddd   Thumb Code   318  oled.o(i.OLED_Init)
    OLED_Refresh                             0x08002f25   Thumb Code    70  oled.o(i.OLED_Refresh)
    OLED_ShowASCIIFromBuff                   0x08002f71   Thumb Code   134  oled.o(i.OLED_ShowASCIIFromBuff)
    OLED_ShowChineseFromBuff                 0x08002ff7   Thumb Code   176  oled.o(i.OLED_ShowChineseFromBuff)
    OLED_ShowString                          0x080030a9   Thumb Code   216  oled.o(i.OLED_ShowString)
    OLED_WR_Byte                             0x08003189   Thumb Code    26  oled.o(i.OLED_WR_Byte)
    PendSV_Handler                           0x080031a3   Thumb Code     2  stm32l0xx_it.o(i.PendSV_Handler)
    ProcessInputData                         0x080031a5   Thumb Code   452  wnd_settime.o(i.ProcessInputData)
    SVC_Handler                              0x08003699   Thumb Code     2  stm32l0xx_it.o(i.SVC_Handler)
    Spi_Init                                 0x0800369d   Thumb Code   140  my_hal_spi.o(i.Spi_Init)
    SysTick_Handler                          0x08003735   Thumb Code   134  stm32l0xx_it.o(i.SysTick_Handler)
    SystemClock_Config                       0x080037d5   Thumb Code   122  main.o(i.SystemClock_Config)
    SystemInit                               0x08003855   Thumb Code    88  system_stm32l0xx.o(i.SystemInit)
    TIM2_IRQHandler                          0x080038bd   Thumb Code    10  stm32l0xx_it.o(i.TIM2_IRQHandler)
    Timer_Init                               0x08003941   Thumb Code    82  my_hal_tim.o(i.Timer_Init)
    UART_AdvFeatureConfig                    0x080039b5   Thumb Code   240  stm32l0xx_hal_uart.o(i.UART_AdvFeatureConfig)
    UART_CheckIdleState                      0x08003aa5   Thumb Code   112  stm32l0xx_hal_uart.o(i.UART_CheckIdleState)
    UART_SetConfig                           0x08003b19   Thumb Code   874  stm32l0xx_hal_uart.o(i.UART_SetConfig)
    UART_WaitOnFlagUntilTimeout              0x08003ead   Thumb Code   112  stm32l0xx_hal_uart.o(i.UART_WaitOnFlagUntilTimeout)
    UG_DrawFrame                             0x08003f1d   Thumb Code    72  ugui.o(i.UG_DrawFrame)
    UG_DrawLine                              0x08003f65   Thumb Code   304  ugui.o(i.UG_DrawLine)
    UG_FillFrame                             0x08004099   Thumb Code   128  ugui.o(i.UG_FillFrame)
    UG_GetXDim                               0x0800411d   Thumb Code    10  ugui.o(i.UG_GetXDim)
    UG_GetYDim                               0x0800412d   Thumb Code    10  ugui.o(i.UG_GetYDim)
    UG_Init                                  0x0800413d   Thumb Code   136  ugui.o(i.UG_Init)
    UG_TextboxCreate                         0x080041d1   Thumb Code   154  ugui.o(i.UG_TextboxCreate)
    UG_TextboxHide                           0x08004275   Thumb Code    48  ugui.o(i.UG_TextboxHide)
    UG_TextboxSetAlignment                   0x080042a5   Thumb Code    46  ugui.o(i.UG_TextboxSetAlignment)
    UG_TextboxSetBackColor                   0x080042d3   Thumb Code    46  ugui.o(i.UG_TextboxSetBackColor)
    UG_TextboxSetFont                        0x08004301   Thumb Code    46  ugui.o(i.UG_TextboxSetFont)
    UG_TextboxSetForeColor                   0x0800432f   Thumb Code    46  ugui.o(i.UG_TextboxSetForeColor)
    UG_TextboxSetText                        0x0800435d   Thumb Code    46  ugui.o(i.UG_TextboxSetText)
    UG_TextboxShow                           0x0800438b   Thumb Code    48  ugui.o(i.UG_TextboxShow)
    UG_Update                                0x080043bd   Thumb Code   344  ugui.o(i.UG_Update)
    UG_WindowCreate                          0x08004519   Thumb Code   174  ugui.o(i.UG_WindowCreate)
    UG_WindowGetArea                         0x080045d9   Thumb Code   108  ugui.o(i.UG_WindowGetArea)
    UG_WindowHide                            0x08004645   Thumb Code   194  ugui.o(i.UG_WindowHide)
    UG_WindowResize                          0x0800470d   Thumb Code   308  ugui.o(i.UG_WindowResize)
    UG_WindowSetTitleText                    0x08004845   Thumb Code    36  ugui.o(i.UG_WindowSetTitleText)
    UG_WindowSetTitleTextColor               0x08004869   Thumb Code    36  ugui.o(i.UG_WindowSetTitleTextColor)
    UG_WindowSetTitleTextFont                0x0800488d   Thumb Code    68  ugui.o(i.UG_WindowSetTitleTextFont)
    UG_WindowSetXEnd                         0x080048d1   Thumb Code    66  ugui.o(i.UG_WindowSetXEnd)
    UG_WindowSetXStart                       0x08004913   Thumb Code    66  ugui.o(i.UG_WindowSetXStart)
    UG_WindowSetYEnd                         0x08004955   Thumb Code    66  ugui.o(i.UG_WindowSetYEnd)
    UG_WindowSetYStart                       0x08004997   Thumb Code    66  ugui.o(i.UG_WindowSetYStart)
    UG_WindowShow                            0x080049d9   Thumb Code    38  ugui.o(i.UG_WindowShow)
    USART2_IRQHandler                        0x08004a05   Thumb Code   134  stm32l0xx_it.o(i.USART2_IRQHandler)
    Uart_Init                                0x08004a9d   Thumb Code    36  my_hal_uart.o(i.Uart_Init)
    Write_IIC_Byte                           0x08004ac9   Thumb Code    86  oled.o(i.Write_IIC_Byte)
    Write_IIC_Command                        0x08004b25   Thumb Code    44  oled.o(i.Write_IIC_Command)
    Write_IIC_Data                           0x08004b51   Thumb Code    44  oled.o(i.Write_IIC_Data)
    _CX_UnFocusObj                           0x08004b7d   Thumb Code    28  ugui.o(i._CX_UnFocusObj)
    _UG_DrawObjectFrame                      0x08004b99   Thumb Code   296  ugui.o(i._UG_DrawObjectFrame)
    _UG_GetFreeObject                        0x08004cc1   Thumb Code    54  ugui.o(i._UG_GetFreeObject)
    _UG_HandleEvents                         0x08004cf9   Thumb Code   102  ugui.o(i._UG_HandleEvents)
    _UG_ProcessTouchData                     0x08004d65   Thumb Code   258  ugui.o(i._UG_ProcessTouchData)
    _UG_PutChar                              0x08004e6d   Thumb Code   978  ugui.o(i._UG_PutChar)
    _UG_PutText                              0x08005245   Thumb Code   494  ugui.o(i._UG_PutText)
    _UG_SearchObject                         0x08005433   Thumb Code    70  ugui.o(i._UG_SearchObject)
    _UG_SendObjectPostrenderEvent            0x08005479   Thumb Code    32  ugui.o(i._UG_SendObjectPostrenderEvent)
    _UG_SendObjectPrerenderEvent             0x08005499   Thumb Code    30  ugui.o(i._UG_SendObjectPrerenderEvent)
    _UG_TextboxUpdate                        0x080054b7   Thumb Code   284  ugui.o(i._UG_TextboxUpdate)
    _UG_UpdateObjects                        0x080055d3   Thumb Code   102  ugui.o(i._UG_UpdateObjects)
    _UG_WindowClear                          0x08005639   Thumb Code   128  ugui.o(i._UG_WindowClear)
    _UG_WindowDrawTitle                      0x080056bd   Thumb Code   244  ugui.o(i._UG_WindowDrawTitle)
    _UG_WindowUpdate                         0x080057b9   Thumb Code   268  ugui.o(i._UG_WindowUpdate)
    __0printf$6                              0x080058cd   Thumb Code    24  printf6.o(i.__0printf$6)
    __1printf$6                              0x080058cd   Thumb Code     0  printf6.o(i.__0printf$6)
    __2printf                                0x080058cd   Thumb Code     0  printf6.o(i.__0printf$6)
    __0sprintf$6                             0x080058ed   Thumb Code    36  printf6.o(i.__0sprintf$6)
    __1sprintf$6                             0x080058ed   Thumb Code     0  printf6.o(i.__0sprintf$6)
    __2sprintf                               0x080058ed   Thumb Code     0  printf6.o(i.__0sprintf$6)
    __ARM_common_ll_muluu                    0x08005915   Thumb Code    48  stm32l0xx_hal_uart.o(i.__ARM_common_ll_muluu)
    __ARM_common_switch8                     0x08005945   Thumb Code    28  stm32l0xx_hal_tim.o(i.__ARM_common_switch8)
    __scatterload_copy                       0x08005961   Thumb Code    14  handlers.o(i.__scatterload_copy)
    __scatterload_null                       0x0800596f   Thumb Code     2  handlers.o(i.__scatterload_null)
    __scatterload_zeroinit                   0x08005971   Thumb Code    14  handlers.o(i.__scatterload_zeroinit)
    fputc                                    0x08005cdd   Thumb Code    20  my_hal_uart.o(i.fputc)
    gt_12_GetData                            0x08005cf9   Thumb Code   110  gt21l16s2y.o(i.gt_12_GetData)
    main                                     0x08005d6d   Thumb Code   134  main.o(i.main)
    r_dat_bat                                0x08005e15   Thumb Code   100  charlib.o(i.r_dat_bat)
    window_1_callback                        0x08005e81   Thumb Code    16  wnd_settime.o(i.window_1_callback)
    font_4x6                                 0x08005ea4   Data        1536  ugui.o(.constdata)
    FONT_4X6                                 0x080064a4   Data          20  ugui.o(.constdata)
    pal_window                               0x080064b8   Data          48  ugui.o(.constdata)
    pal_button_pressed                       0x080064e8   Data          48  ugui.o(.constdata)
    pal_button_released                      0x08006518   Data          48  ugui.o(.constdata)
    pal_checkbox_pressed                     0x08006548   Data          48  ugui.o(.constdata)
    pal_checkbox_released                    0x08006578   Data          48  ugui.o(.constdata)
    AHBPrescTable                            0x080065a8   Data          16  system_stm32l0xx.o(.constdata)
    APBPrescTable                            0x080065b8   Data           8  system_stm32l0xx.o(.constdata)
    PLLMulTable                              0x080065c0   Data           9  system_stm32l0xx.o(.constdata)
    Region$$Table$$Base                      0x0800661c   Number         0  anon$$obj.o(Region$$Table)
    Region$$Table$$Limit                     0x0800663c   Number         0  anon$$obj.o(Region$$Table)
    aTxBuffer                                0x20000000   Data          91  main.o(.data)
    value                                    0x2000005b   Data           1  main.o(.data)
    syst                                     0x2000005c   Data           4  stm32l0xx_it.o(.data)
    count                                    0x20000060   Data           4  stm32l0xx_it.o(.data)
    menus                                    0x20000064   Data          36  oled_menu.o(.data)
    hour                                     0x20000088   Data           1  wnd_settime.o(.data)
    minute                                   0x20000089   Data           1  wnd_settime.o(.data)
    second                                   0x2000008a   Data           1  wnd_settime.o(.data)
    hstr                                     0x2000008b   Data           3  wnd_settime.o(.data)
    mstr                                     0x2000008e   Data           3  wnd_settime.o(.data)
    sstr                                     0x20000091   Data           3  wnd_settime.o(.data)
    gui                                      0x2000009c   Data           4  ugui.o(.data)
    uwPrescalerValue                         0x200000a8   Data           4  my_hal_tim.o(.data)
    uwTick                                   0x200000ac   Data           4  stm32l0xx_hal.o(.data)
    SystemCoreClock                          0x200000b0   Data           4  system_stm32l0xx.o(.data)
    __stdout                                 0x200000b4   Data           4  stdout.o(.data)
    pBuff                                    0x200000b8   Data          25  main.o(.bss)
    getBuffer                                0x200000d1   Data         255  main.o(.bss)
    aRxBuffer                                0x200001d0   Data         255  main.o(.bss)
    gui1309                                  0x200002d0   Data         124  main.o(.bss)
    mc                                       0x2000034c   Data         224  oled_menu.o(.bss)
    obj_buff_wnd_1                           0x2000042c   Data         320  wnd_settime.o(.bss)
    window_1                                 0x2000056c   Data          72  wnd_settime.o(.bss)
    button_1                                 0x200005b4   Data          32  wnd_settime.o(.bss)
    textbox_1                                0x200005d4   Data          24  wnd_settime.o(.bss)
    textbox_2                                0x200005ec   Data          24  wnd_settime.o(.bss)
    textbox_3                                0x20000604   Data          24  wnd_settime.o(.bss)
    OLED_GRAM                                0x200007d4   Data        1152  oled.o(.bss)
    SpiHandle                                0x20000c54   Data          88  my_hal_spi.o(.bss)
    UartHandle                               0x20000cac   Data         112  my_hal_uart.o(.bss)
    TimHandle                                0x20000d1c   Data          56  my_hal_tim.o(.bss)
    __initial_sp                             0x20001158   Data           0  startup_stm32l031xx.o(STACK)



==============================================================================

Memory Map of the image

  Image Entry point : 0x080000c1

  Load Region LR_IROM1 (Base: 0x08000000, Size: 0x000066f4, Max: 0x00008000, ABSOLUTE)

    Execution Region ER_IROM1 (Exec base: 0x08000000, Load base: 0x08000000, Size: 0x0000663c, Max: 0x00008000, ABSOLUTE)

    Exec Addr    Load Addr    Size         Type   Attr      Idx    E Section Name        Object

    0x08000000   0x08000000   0x000000c0   Data   RO         3949    RESET               startup_stm32l031xx.o
    0x080000c0   0x080000c0   0x00000000   Code   RO         4011  * .ARM.Collect$$$$00000000  mc_p.l(entry.o)
    0x080000c0   0x080000c0   0x00000004   Code   RO         4287    .ARM.Collect$$$$00000001  mc_p.l(entry2.o)
    0x080000c4   0x080000c4   0x00000004   Code   RO         4290    .ARM.Collect$$$$00000004  mc_p.l(entry5.o)
    0x080000c8   0x080000c8   0x00000000   Code   RO         4292    .ARM.Collect$$$$00000008  mc_p.l(entry7b.o)
    0x080000c8   0x080000c8   0x00000000   Code   RO         4294    .ARM.Collect$$$$0000000A  mc_p.l(entry8b.o)
    0x080000c8   0x080000c8   0x00000008   Code   RO         4295    .ARM.Collect$$$$0000000B  mc_p.l(entry9a.o)
    0x080000d0   0x080000d0   0x00000004   Code   RO         4302    .ARM.Collect$$$$0000000E  mc_p.l(entry12b.o)
    0x080000d4   0x080000d4   0x00000000   Code   RO         4297    .ARM.Collect$$$$0000000F  mc_p.l(entry10a.o)
    0x080000d4   0x080000d4   0x00000000   Code   RO         4299    .ARM.Collect$$$$00000011  mc_p.l(entry11a.o)
    0x080000d4   0x080000d4   0x00000004   Code   RO         4288    .ARM.Collect$$$$00002712  mc_p.l(entry2.o)
    0x080000d8   0x080000d8   0x0000001c   Code   RO         3950    .text               startup_stm32l031xx.o
    0x080000f4   0x080000f4   0x0000002c   Code   RO         4014    .text               mc_p.l(uidiv.o)
    0x08000120   0x08000120   0x00000028   Code   RO         4016    .text               mc_p.l(idiv.o)
    0x08000148   0x08000148   0x00000060   Code   RO         4018    .text               mc_p.l(uldiv.o)
    0x080001a8   0x080001a8   0x00000020   Code   RO         4304    .text               mc_p.l(llshl.o)
    0x080001c8   0x080001c8   0x00000022   Code   RO         4306    .text               mc_p.l(llushr.o)
    0x080001ea   0x080001ea   0x00000002   PAD
    0x080001ec   0x080001ec   0x00000024   Code   RO         4319    .text               mc_p.l(init.o)
    0x08000210   0x08000210   0x000000c8   Code   RO         3954    i.ASCII_GetData     GT21L16S2Y_STM32L031G6U6.lib(gt21l16s2y.o)
    0x080002d8   0x080002d8   0x00000078   Code   RO          819    i.CX_DrawBattery    ugui.o
    0x08000350   0x08000350   0x0000002e   Code   RO          822    i.CX_FocusNextObj   ugui.o
    0x0800037e   0x0800037e   0x00000044   Code   RO          823    i.CX_FocusObj       ugui.o
    0x080003c2   0x080003c2   0x0000002e   Code   RO          824    i.CX_FocusPrevObj   ugui.o
    0x080003f0   0x080003f0   0x0000000e   Code   RO          825    i.CX_GetActiveObj   ugui.o
    0x080003fe   0x080003fe   0x0000003a   Code   RO          828    i.CX_GetNextObj     ugui.o
    0x08000438   0x08000438   0x00000036   Code   RO          829    i.CX_GetPrevObj     ugui.o
    0x0800046e   0x0800046e   0x00000002   PAD
    0x08000470   0x08000470   0x000000a8   Code   RO          830    i.CX_InputUpdate    ugui.o
    0x08000518   0x08000518   0x00000038   Code   RO          831    i.CX_TextboxResetColor  ugui.o
    0x08000550   0x08000550   0x00000032   Code   RO          832    i.CX_TextboxToggleColor  ugui.o
    0x08000582   0x08000582   0x00000002   PAD
    0x08000584   0x08000584   0x000000fc   Code   RO          386    i.CreateWindow_MainMenu  wnd_mainmenu.o
    0x08000680   0x08000680   0x000001ac   Code   RO          339    i.CreateWindow_SetTime  wnd_settime.o
    0x0800082c   0x0800082c   0x000000e4   Code   RO          387    i.DisplayCurrentPage  wnd_mainmenu.o
    0x08000910   0x08000910   0x0000002a   Code   RO          795    i.Display_PSet      ugui_ssd1309.o
    0x0800093a   0x0800093a   0x00000002   PAD
    0x0800093c   0x0800093c   0x000000e4   Code   RO         1985    i.GetKey            keypad.o
    0x08000a20   0x08000a20   0x0000001a   Code   RO         2034    i.HAL_Delay         stm32l0xx_hal.o
    0x08000a3a   0x08000a3a   0x00000002   PAD
    0x08000a3c   0x08000a3c   0x000001dc   Code   RO         2297    i.HAL_GPIO_Init     stm32l0xx_hal_gpio.o
    0x08000c18   0x08000c18   0x00000012   Code   RO         2299    i.HAL_GPIO_ReadPin  stm32l0xx_hal_gpio.o
    0x08000c2a   0x08000c2a   0x0000000c   Code   RO         2301    i.HAL_GPIO_WritePin  stm32l0xx_hal_gpio.o
    0x08000c36   0x08000c36   0x00000002   PAD
    0x08000c38   0x08000c38   0x0000000c   Code   RO         2038    i.HAL_GetTick       stm32l0xx_hal.o
    0x08000c44   0x08000c44   0x00000010   Code   RO         2039    i.HAL_IncTick       stm32l0xx_hal.o
    0x08000c54   0x08000c54   0x00000020   Code   RO         2040    i.HAL_Init          stm32l0xx_hal.o
    0x08000c74   0x08000c74   0x00000028   Code   RO         2041    i.HAL_InitTick      stm32l0xx_hal.o
    0x08000c9c   0x08000c9c   0x00000002   Code   RO         2043    i.HAL_MspInit       stm32l0xx_hal.o
    0x08000c9e   0x08000c9e   0x00000002   PAD
    0x08000ca0   0x08000ca0   0x00000018   Code   RO         2198    i.HAL_NVIC_EnableIRQ  stm32l0xx_hal_cortex.o
    0x08000cb8   0x08000cb8   0x00000012   Code   RO         2202    i.HAL_NVIC_SetPriority  stm32l0xx_hal_cortex.o
    0x08000cca   0x08000cca   0x00000002   PAD
    0x08000ccc   0x08000ccc   0x000001e0   Code   RO         3211    i.HAL_RCCEx_GetPeriphCLKFreq  stm32l0xx_hal_rcc_ex.o
    0x08000eac   0x08000eac   0x000001f8   Code   RO         2361    i.HAL_RCC_ClockConfig  stm32l0xx_hal_rcc.o
    0x080010a4   0x080010a4   0x0000000c   Code   RO         2365    i.HAL_RCC_GetHCLKFreq  stm32l0xx_hal_rcc.o
    0x080010b0   0x080010b0   0x00000024   Code   RO         2367    i.HAL_RCC_GetPCLK1Freq  stm32l0xx_hal_rcc.o
    0x080010d4   0x080010d4   0x00000024   Code   RO         2368    i.HAL_RCC_GetPCLK2Freq  stm32l0xx_hal_rcc.o
    0x080010f8   0x080010f8   0x000000e4   Code   RO         2369    i.HAL_RCC_GetSysClockFreq  stm32l0xx_hal_rcc.o
    0x080011dc   0x080011dc   0x00000620   Code   RO         2372    i.HAL_RCC_OscConfig  stm32l0xx_hal_rcc.o
    0x080017fc   0x080017fc   0x00000082   Code   RO         2469    i.HAL_SPI_Init      stm32l0xx_hal_spi.o
    0x0800187e   0x0800187e   0x00000002   PAD
    0x08001880   0x08001880   0x000000bc   Code   RO          663    i.HAL_SPI_MspInit   my_hal_spi.o
    0x0800193c   0x0800193c   0x00000260   Code   RO         2472    i.HAL_SPI_Receive   stm32l0xx_hal_spi.o
    0x08001b9c   0x08001b9c   0x000001da   Code   RO         2477    i.HAL_SPI_Transmit  stm32l0xx_hal_spi.o
    0x08001d76   0x08001d76   0x0000037e   Code   RO         2478    i.HAL_SPI_TransmitReceive  stm32l0xx_hal_spi.o
    0x080020f4   0x080020f4   0x00000024   Code   RO         2204    i.HAL_SYSTICK_CLKSourceConfig  stm32l0xx_hal_cortex.o
    0x08002118   0x08002118   0x00000002   Code   RO         2205    i.HAL_SYSTICK_Callback  stm32l0xx_hal_cortex.o
    0x0800211a   0x0800211a   0x00000002   PAD
    0x0800211c   0x0800211c   0x00000038   Code   RO         2206    i.HAL_SYSTICK_Config  stm32l0xx_hal_cortex.o
    0x08002154   0x08002154   0x00000008   Code   RO         2207    i.HAL_SYSTICK_IRQHandler  stm32l0xx_hal_cortex.o
    0x0800215c   0x0800215c   0x00000038   Code   RO         3275    i.HAL_TIM_Base_Init  stm32l0xx_hal_tim.o
    0x08002194   0x08002194   0x00000028   Code   RO         1948    i.HAL_TIM_Base_MspInit  my_hal_tim.o
    0x080021bc   0x080021bc   0x0000001e   Code   RO         3280    i.HAL_TIM_Base_Start_IT  stm32l0xx_hal_tim.o
    0x080021da   0x080021da   0x00000002   Code   RO         3304    i.HAL_TIM_IC_CaptureCallback  stm32l0xx_hal_tim.o
    0x080021dc   0x080021dc   0x0000017c   Code   RO         3317    i.HAL_TIM_IRQHandler  stm32l0xx_hal_tim.o
    0x08002358   0x08002358   0x00000002   Code   RO         3320    i.HAL_TIM_OC_DelayElapsedCallback  stm32l0xx_hal_tim.o
    0x0800235a   0x0800235a   0x00000002   Code   RO         3347    i.HAL_TIM_PWM_PulseFinishedCallback  stm32l0xx_hal_tim.o
    0x0800235c   0x0800235c   0x0000000c   Code   RO          182    i.HAL_TIM_PeriodElapsedCallback  stm32l0xx_it.o
    0x08002368   0x08002368   0x00000002   Code   RO         3358    i.HAL_TIM_TriggerCallback  stm32l0xx_hal_tim.o
    0x0800236a   0x0800236a   0x00000082   Code   RO         2809    i.HAL_UART_Init     stm32l0xx_hal_uart.o
    0x080023ec   0x080023ec   0x000000b0   Code   RO          702    i.HAL_UART_MspInit  my_hal_uart.o
    0x0800249c   0x0800249c   0x0000014c   Code   RO         2812    i.HAL_UART_Receive  stm32l0xx_hal_uart.o
    0x080025e8   0x080025e8   0x000000f0   Code   RO         2817    i.HAL_UART_Transmit  stm32l0xx_hal_uart.o
    0x080026d8   0x080026d8   0x00000004   Code   RO          183    i.HardFault_Handler  stm32l0xx_it.o
    0x080026dc   0x080026dc   0x00000030   Code   RO          475    i.IIC_Start         oled.o
    0x0800270c   0x0800270c   0x00000028   Code   RO          476    i.IIC_Stop          oled.o
    0x08002734   0x08002734   0x0000001c   Code   RO          477    i.IIC_Wait_Ack      oled.o
    0x08002750   0x08002750   0x0000008c   Code   RO         1986    i.Keypad_Init       keypad.o
    0x080027dc   0x080027dc   0x000000ac   Code   RO         1987    i.Keypad_Init2      keypad.o
    0x08002888   0x08002888   0x00000138   Code   RO          265    i.MC_AddItem        oled_menu.o
    0x080029c0   0x080029c0   0x00000058   Code   RO          267    i.MC_Init           oled_menu.o
    0x08002a18   0x08002a18   0x000000bc   Code   RO          268    i.MC_MoveToNextItem  oled_menu.o
    0x08002ad4   0x08002ad4   0x00000088   Code   RO          269    i.MC_MoveToParentMenu  oled_menu.o
    0x08002b5c   0x08002b5c   0x000000a8   Code   RO          270    i.MC_MoveToPrevItem  oled_menu.o
    0x08002c04   0x08002c04   0x000000b4   Code   RO          271    i.MC_MoveToSubMenu  oled_menu.o
    0x08002cb8   0x08002cb8   0x00000002   Code   RO          184    i.NMI_Handler       stm32l0xx_it.o
    0x08002cba   0x08002cba   0x00000002   PAD
    0x08002cbc   0x08002cbc   0x00000078   Code   RO         2208    i.NVIC_SetPriority  stm32l0xx_hal_cortex.o
    0x08002d34   0x08002d34   0x00000030   Code   RO          478    i.OLED_Clear        oled.o
    0x08002d64   0x08002d64   0x00000078   Code   RO          485    i.OLED_DrawPoint    oled.o
    0x08002ddc   0x08002ddc   0x00000148   Code   RO          486    i.OLED_Init         oled.o
    0x08002f24   0x08002f24   0x0000004c   Code   RO          488    i.OLED_Refresh      oled.o
    0x08002f70   0x08002f70   0x00000086   Code   RO          490    i.OLED_ShowASCIIFromBuff  oled.o
    0x08002ff6   0x08002ff6   0x000000b0   Code   RO          493    i.OLED_ShowChineseFromBuff  oled.o
    0x080030a6   0x080030a6   0x00000002   PAD
    0x080030a8   0x080030a8   0x000000e0   Code   RO          496    i.OLED_ShowString   oled.o
    0x08003188   0x08003188   0x0000001a   Code   RO          497    i.OLED_WR_Byte      oled.o
    0x080031a2   0x080031a2   0x00000002   Code   RO          185    i.PendSV_Handler    stm32l0xx_it.o
    0x080031a4   0x080031a4   0x000001ec   Code   RO          340    i.ProcessInputData  wnd_settime.o
    0x08003390   0x08003390   0x00000128   Code   RO          388    i.ProcessInputData  wnd_mainmenu.o
    0x080034b8   0x080034b8   0x00000098   Code   RO         2373    i.RCC_SetFlashLatencyFromMSIRange  stm32l0xx_hal_rcc.o
    0x08003550   0x08003550   0x00000030   Code   RO          760    i.SPI_Address       charlib.o
    0x08003580   0x08003580   0x00000118   Code   RO         2499    i.SPI_WaitOnFlagUntilTimeout  stm32l0xx_hal_spi.o
    0x08003698   0x08003698   0x00000002   Code   RO          186    i.SVC_Handler       stm32l0xx_it.o
    0x0800369a   0x0800369a   0x00000002   PAD
    0x0800369c   0x0800369c   0x00000098   Code   RO          664    i.Spi_Init          my_hal_spi.o
    0x08003734   0x08003734   0x000000a0   Code   RO          187    i.SysTick_Handler   stm32l0xx_it.o
    0x080037d4   0x080037d4   0x00000080   Code   RO            3    i.SystemClock_Config  main.o
    0x08003854   0x08003854   0x00000068   Code   RO         3913    i.SystemInit        system_stm32l0xx.o
    0x080038bc   0x080038bc   0x00000010   Code   RO          188    i.TIM2_IRQHandler   stm32l0xx_it.o
    0x080038cc   0x080038cc   0x00000074   Code   RO         3359    i.TIM_Base_SetConfig  stm32l0xx_hal_tim.o
    0x08003940   0x08003940   0x00000074   Code   RO         1949    i.Timer_Init        my_hal_tim.o
    0x080039b4   0x080039b4   0x000000f0   Code   RO         2822    i.UART_AdvFeatureConfig  stm32l0xx_hal_uart.o
    0x08003aa4   0x08003aa4   0x00000074   Code   RO         2823    i.UART_CheckIdleState  stm32l0xx_hal_uart.o
    0x08003b18   0x08003b18   0x00000394   Code   RO         2838    i.UART_SetConfig    stm32l0xx_hal_uart.o
    0x08003eac   0x08003eac   0x00000070   Code   RO         2840    i.UART_WaitOnFlagUntilTimeout  stm32l0xx_hal_uart.o
    0x08003f1c   0x08003f1c   0x00000048   Code   RO          890    i.UG_DrawFrame      ugui.o
    0x08003f64   0x08003f64   0x00000134   Code   RO          891    i.UG_DrawLine       ugui.o
    0x08004098   0x08004098   0x00000084   Code   RO          899    i.UG_FillFrame      ugui.o
    0x0800411c   0x0800411c   0x00000010   Code   RO          905    i.UG_GetXDim        ugui.o
    0x0800412c   0x0800412c   0x00000010   Code   RO          906    i.UG_GetYDim        ugui.o
    0x0800413c   0x0800413c   0x00000094   Code   RO          912    i.UG_Init           ugui.o
    0x080041d0   0x080041d0   0x000000a4   Code   RO          918    i.UG_TextboxCreate  ugui.o
    0x08004274   0x08004274   0x00000030   Code   RO          927    i.UG_TextboxHide    ugui.o
    0x080042a4   0x080042a4   0x0000002e   Code   RO          928    i.UG_TextboxSetAlignment  ugui.o
    0x080042d2   0x080042d2   0x0000002e   Code   RO          929    i.UG_TextboxSetBackColor  ugui.o
    0x08004300   0x08004300   0x0000002e   Code   RO          930    i.UG_TextboxSetFont  ugui.o
    0x0800432e   0x0800432e   0x0000002e   Code   RO          931    i.UG_TextboxSetForeColor  ugui.o
    0x0800435c   0x0800435c   0x0000002e   Code   RO          933    i.UG_TextboxSetText  ugui.o
    0x0800438a   0x0800438a   0x00000030   Code   RO          935    i.UG_TextboxShow    ugui.o
    0x080043ba   0x080043ba   0x00000002   PAD
    0x080043bc   0x080043bc   0x0000015c   Code   RO          937    i.UG_Update         ugui.o
    0x08004518   0x08004518   0x000000c0   Code   RO          940    i.UG_WindowCreate   ugui.o
    0x080045d8   0x080045d8   0x0000006c   Code   RO          942    i.UG_WindowGetArea  ugui.o
    0x08004644   0x08004644   0x000000c8   Code   RO          964    i.UG_WindowHide     ugui.o
    0x0800470c   0x0800470c   0x00000138   Code   RO          965    i.UG_WindowResize   ugui.o
    0x08004844   0x08004844   0x00000024   Code   RO          973    i.UG_WindowSetTitleText  ugui.o
    0x08004868   0x08004868   0x00000024   Code   RO          975    i.UG_WindowSetTitleTextColor  ugui.o
    0x0800488c   0x0800488c   0x00000044   Code   RO          976    i.UG_WindowSetTitleTextFont  ugui.o
    0x080048d0   0x080048d0   0x00000042   Code   RO          979    i.UG_WindowSetXEnd  ugui.o
    0x08004912   0x08004912   0x00000042   Code   RO          980    i.UG_WindowSetXStart  ugui.o
    0x08004954   0x08004954   0x00000042   Code   RO          981    i.UG_WindowSetYEnd  ugui.o
    0x08004996   0x08004996   0x00000042   Code   RO          982    i.UG_WindowSetYStart  ugui.o
    0x080049d8   0x080049d8   0x0000002c   Code   RO          983    i.UG_WindowShow     ugui.o
    0x08004a04   0x08004a04   0x00000098   Code   RO          189    i.USART2_IRQHandler  stm32l0xx_it.o
    0x08004a9c   0x08004a9c   0x0000002c   Code   RO          705    i.Uart_Init         my_hal_uart.o
    0x08004ac8   0x08004ac8   0x0000005c   Code   RO          498    i.Write_IIC_Byte    oled.o
    0x08004b24   0x08004b24   0x0000002c   Code   RO          499    i.Write_IIC_Command  oled.o
    0x08004b50   0x08004b50   0x0000002c   Code   RO          500    i.Write_IIC_Data    oled.o
    0x08004b7c   0x08004b7c   0x0000001c   Code   RO          984    i._CX_UnFocusObj    ugui.o
    0x08004b98   0x08004b98   0x00000128   Code   RO          988    i._UG_DrawObjectFrame  ugui.o
    0x08004cc0   0x08004cc0   0x00000036   Code   RO          989    i._UG_GetFreeObject  ugui.o
    0x08004cf6   0x08004cf6   0x00000002   PAD
    0x08004cf8   0x08004cf8   0x0000006c   Code   RO          990    i._UG_HandleEvents  ugui.o
    0x08004d64   0x08004d64   0x00000108   Code   RO          992    i._UG_ProcessTouchData  ugui.o
    0x08004e6c   0x08004e6c   0x000003d8   Code   RO          993    i._UG_PutChar       ugui.o
    0x08005244   0x08005244   0x000001ee   Code   RO          994    i._UG_PutText       ugui.o
    0x08005432   0x08005432   0x00000046   Code   RO          995    i._UG_SearchObject  ugui.o
    0x08005478   0x08005478   0x00000020   Code   RO          996    i._UG_SendObjectPostrenderEvent  ugui.o
    0x08005498   0x08005498   0x0000001e   Code   RO          997    i._UG_SendObjectPrerenderEvent  ugui.o
    0x080054b6   0x080054b6   0x0000011c   Code   RO          998    i._UG_TextboxUpdate  ugui.o
    0x080055d2   0x080055d2   0x00000066   Code   RO          999    i._UG_UpdateObjects  ugui.o
    0x08005638   0x08005638   0x00000084   Code   RO         1000    i._UG_WindowClear   ugui.o
    0x080056bc   0x080056bc   0x000000fc   Code   RO         1001    i._UG_WindowDrawTitle  ugui.o
    0x080057b8   0x080057b8   0x00000114   Code   RO         1002    i._UG_WindowUpdate  ugui.o
    0x080058cc   0x080058cc   0x00000020   Code   RO         4181    i.__0printf$6       mc_p.l(printf6.o)
    0x080058ec   0x080058ec   0x00000028   Code   RO         4183    i.__0sprintf$6      mc_p.l(printf6.o)
    0x08005914   0x08005914   0x00000030   Code   RO         3125    i.__ARM_common_ll_muluu  stm32l0xx_hal_uart.o
    0x08005944   0x08005944   0x0000001c   Code   RO         3901    i.__ARM_common_switch8  stm32l0xx_hal_tim.o
    0x08005960   0x08005960   0x0000000e   Code   RO         4329    i.__scatterload_copy  mc_p.l(handlers.o)
    0x0800596e   0x0800596e   0x00000002   Code   RO         4330    i.__scatterload_null  mc_p.l(handlers.o)
    0x08005970   0x08005970   0x0000000e   Code   RO         4331    i.__scatterload_zeroinit  mc_p.l(handlers.o)
    0x0800597e   0x0800597e   0x00000002   PAD
    0x08005980   0x08005980   0x00000304   Code   RO         4188    i._printf_core      mc_p.l(printf6.o)
    0x08005c84   0x08005c84   0x00000020   Code   RO         4189    i._printf_post_padding  mc_p.l(printf6.o)
    0x08005ca4   0x08005ca4   0x0000002c   Code   RO         4190    i._printf_pre_padding  mc_p.l(printf6.o)
    0x08005cd0   0x08005cd0   0x0000000a   Code   RO         4192    i._sputc            mc_p.l(printf6.o)
    0x08005cda   0x08005cda   0x00000002   PAD
    0x08005cdc   0x08005cdc   0x0000001c   Code   RO          706    i.fputc             my_hal_uart.o
    0x08005cf8   0x08005cf8   0x00000074   Code   RO         3960    i.gt_12_GetData     GT21L16S2Y_STM32L031G6U6.lib(gt21l16s2y.o)
    0x08005d6c   0x08005d6c   0x000000a8   Code   RO            5    i.main              main.o
    0x08005e14   0x08005e14   0x0000006c   Code   RO          761    i.r_dat_bat         charlib.o
    0x08005e80   0x08005e80   0x00000010   Code   RO          341    i.window_1_callback  wnd_settime.o
    0x08005e90   0x08005e90   0x00000010   Code   RO          389    i.window_1_callback  wnd_mainmenu.o
    0x08005ea0   0x08005ea0   0x00000004   Data   RO            7    .constdata          main.o
    0x08005ea4   0x08005ea4   0x00000704   Data   RO         1003    .constdata          ugui.o
    0x080065a8   0x080065a8   0x00000021   Data   RO         3914    .constdata          system_stm32l0xx.o
    0x080065c9   0x080065c9   0x00000003   PAD
    0x080065cc   0x080065cc   0x00000006   Data   RO            8    .conststring        main.o
    0x080065d2   0x080065d2   0x00000002   PAD
    0x080065d4   0x080065d4   0x00000047   Data   RO          274    .conststring        oled_menu.o
    0x0800661b   0x0800661b   0x00000001   PAD
    0x0800661c   0x0800661c   0x00000020   Data   RO         4327    Region$$Table       anon$$obj.o


    Execution Region RW_IRAM1 (Exec base: 0x20000000, Load base: 0x0800663c, Size: 0x00001158, Max: 0x00002000, ABSOLUTE)

    Exec Addr    Load Addr    Size         Type   Attr      Idx    E Section Name        Object

    0x20000000   0x0800663c   0x0000005c   Data   RW            9    .data               main.o
    0x2000005c   0x08006698   0x00000008   Data   RW          191    .data               stm32l0xx_it.o
    0x20000064   0x080066a0   0x00000024   Data   RW          275    .data               oled_menu.o
    0x20000088   0x080066c4   0x0000000c   Data   RW          343    .data               wnd_settime.o
    0x20000094   0x080066d0   0x00000008   Data   RW          391    .data               wnd_mainmenu.o
    0x2000009c   0x080066d8   0x0000000c   Data   RW         1004    .data               ugui.o
    0x200000a8   0x080066e4   0x00000004   Data   RW         1951    .data               my_hal_tim.o
    0x200000ac   0x080066e8   0x00000004   Data   RW         2050    .data               stm32l0xx_hal.o
    0x200000b0   0x080066ec   0x00000004   Data   RW         3915    .data               system_stm32l0xx.o
    0x200000b4   0x080066f0   0x00000004   Data   RW         4303    .data               mc_p.l(stdout.o)
    0x200000b8        -       0x00000294   Zero   RW            6    .bss                main.o
    0x2000034c        -       0x000000e0   Zero   RW          273    .bss                oled_menu.o
    0x2000042c        -       0x000001f0   Zero   RW          342    .bss                wnd_settime.o
    0x2000061c        -       0x000001b8   Zero   RW          390    .bss                wnd_mainmenu.o
    0x200007d4        -       0x00000480   Zero   RW          501    .bss                oled.o
    0x20000c54        -       0x00000058   Zero   RW          665    .bss                my_hal_spi.o
    0x20000cac        -       0x00000070   Zero   RW          707    .bss                my_hal_uart.o
    0x20000d1c        -       0x00000038   Zero   RW         1950    .bss                my_hal_tim.o
    0x20000d54   0x080066f4   0x00000004   PAD
    0x20000d58        -       0x00000400   Zero   RW         3947    STACK               startup_stm32l031xx.o


==============================================================================

Image component sizes


      Code (inc. data)   RO Data    RW Data    ZI Data      Debug   Object Name

       156         16          0          0          0       1164   charlib.o
       540         24          0          0          0       2506   keypad.o
       296         40         10         92        660     303370   main.o
       340         22          0          0         88       1993   my_hal_spi.o
       156         40          0          4         56       1653   my_hal_tim.o
       248         22          0          0        112       3562   my_hal_uart.o
      1428         54          0          0       1152       9846   oled.o
      1072        330         71         36        224       4975   oled_menu.o
        28          8        192          0       1024        584   startup_stm32l031xx.o
       128         18          0          4          0       3857   stm32l0xx_hal.o
       264         30          0          0          0      10315   stm32l0xx_hal_cortex.o
       506         24          0          0          0       2819   stm32l0xx_hal_gpio.o
      2536        112          0          0          0       6536   stm32l0xx_hal_rcc.o
       480         28          0          0          0        981   stm32l0xx_hal_rcc_ex.o
      2386          0          0          0          0       5530   stm32l0xx_hal_spi.o
       618          8          0          0          0       5094   stm32l0xx_hal_tim.o
      2134         50          0          0          0       6636   stm32l0xx_hal_uart.o
       350         54          0          8          0       4225   stm32l0xx_it.o
       104         16         33          4          0       1203   system_stm32l0xx.o
      6876        130       1796         12          0      49920   ugui.o
        42          0          0          0          0        623   ugui_ssd1309.o
       792         78          0          8        440       3304   wnd_mainmenu.o
       936        124          0         12        496      15012   wnd_settime.o

    ----------------------------------------------------------------------
     22444       1228       2140        180       4256     445708   Object Totals
         0          0         32          0          0          0   (incl. Generated)
        28          0          6          0          4          0   (incl. Padding)

    ----------------------------------------------------------------------

      Code (inc. data)   RO Data    RW Data    ZI Data      Debug   Library Member Name

       316         42          0          0          0       1440   gt21l16s2y.o
         0          0          0          0          0          0   entry.o
         0          0          0          0          0          0   entry10a.o
         0          0          0          0          0          0   entry11a.o
         4          0          0          0          0          0   entry12b.o
         8          4          0          0          0          0   entry2.o
         4          0          0          0          0          0   entry5.o
         0          0          0          0          0          0   entry7b.o
         0          0          0          0          0          0   entry8b.o
         8          4          0          0          0          0   entry9a.o
        30          0          0          0          0          0   handlers.o
        40          0          0          0          0         72   idiv.o
        36          8          0          0          0         68   init.o
        32          0          0          0          0         68   llshl.o
        34          0          0          0          0         68   llushr.o
       930         16          0          0          0        468   printf6.o
         0          0          0          4          0          0   stdout.o
        44          0          0          0          0         72   uidiv.o
        96          0          0          0          0         84   uldiv.o

    ----------------------------------------------------------------------
      1588         74          0          4          0       2340   Library Totals
         6          0          0          0          0          0   (incl. Padding)

    ----------------------------------------------------------------------

      Code (inc. data)   RO Data    RW Data    ZI Data      Debug   Library Name

       316         42          0          0          0       1440   GT21L16S2Y_STM32L031G6U6.lib
      1266         32          0          4          0        900   mc_p.l

    ----------------------------------------------------------------------
      1588         74          0          4          0       2340   Library Totals

    ----------------------------------------------------------------------

==============================================================================


      Code (inc. data)   RO Data    RW Data    ZI Data      Debug   

     24032       1302       2140        184       4256     441336   Grand Totals
     24032       1302       2140        184       4256     441336   ELF Image Totals
     24032       1302       2140        184          0          0   ROM Totals

==============================================================================

    Total RO  Size (Code + RO Data)                26172 (  25.56kB)
    Total RW  Size (RW Data + ZI Data)              4440 (   4.34kB)
    Total ROM Size (Code + RO Data + RW Data)      26356 (  25.74kB)

==============================================================================

